Component: ARM Compiler 5.06 update 7 (build 960) Tool: armlink [4d3601]

==============================================================================

Section Cross References

    main.o(.text) refers to _printf_percent.o(.ARM.Collect$$_printf_percent$$00000000) for _printf_percent
    main.o(.text) refers to _printf_d.o(.ARM.Collect$$_printf_percent$$00000009) for _printf_d
    main.o(.text) refers to _printf_dec.o(.text) for _printf_int_dec
    main.o(.text) refers to stm32f4xx_usart.o(.text) for USART_GetFlagStatus
    main.o(.text) refers to misc.o(.text) for NVIC_PriorityGroupConfig
    main.o(.text) refers to delay.o(.text) for delay_init
    main.o(.text) refers to usart.o(.text) for uart_init
    main.o(.text) refers to noretval__2printf.o(.text) for __2printf
    main.o(.text) refers to led.o(.text) for LED_Init
    main.o(.text) refers to key.o(.text) for KEY_Init
    main.o(.text) refers to lcd.o(.text) for LCD_Init
    main.o(.text) refers to mpu6050.o(.text) for MPU_Init
    main.o(.text) refers to inv_mpu.o(.text) for mpu_dmp_init
    main.o(.text) refers to main.o(.data) for index
    main.o(.text) refers to main.o(.bss) for filter_buffer
    main.o(.text) refers to lcd.o(.data) for POINT_COLOR
    main.o(.text) refers to stm32f4xx_gpio.o(.text) for GPIO_ReadInputDataBit
    system_stm32f4xx.o(.text) refers to system_stm32f4xx.o(.data) for SystemCoreClock
    led.o(.text) refers to stm32f4xx_rcc.o(.text) for RCC_AHB1PeriphClockCmd
    led.o(.text) refers to stm32f4xx_gpio.o(.text) for GPIO_Init
    key.o(.text) refers to stm32f4xx_rcc.o(.text) for RCC_AHB1PeriphClockCmd
    key.o(.text) refers to stm32f4xx_gpio.o(.text) for GPIO_Init
    key.o(.text) refers to delay.o(.text) for delay_ms
    key.o(.text) refers to key.o(.data) for key_up
    lcd.o(.text) refers to _printf_percent.o(.ARM.Collect$$_printf_percent$$00000000) for _printf_percent
    lcd.o(.text) refers to _printf_x.o(.ARM.Collect$$_printf_percent$$0000000C) for _printf_x
    lcd.o(.text) refers to _printf_hex_int.o(.text) for _printf_longlong_hex
    lcd.o(.text) refers to delay.o(.text) for delay_us
    lcd.o(.text) refers to lcd.o(.bss) for lcddev
    lcd.o(.text) refers to dflt_clz.o(x$fpl$dfltu) for __aeabi_ui2d
    lcd.o(.text) refers to dmul.o(x$fpl$dmul) for __aeabi_dmul
    lcd.o(.text) refers to dfixu.o(x$fpl$dfixu) for __aeabi_d2uiz
    lcd.o(.text) refers to lcd.o(.data) for POINT_COLOR
    lcd.o(.text) refers to stm32f4xx_rcc.o(.text) for RCC_AHB1PeriphClockCmd
    lcd.o(.text) refers to stm32f4xx_gpio.o(.text) for GPIO_Init
    lcd.o(.text) refers to stm32f4xx_fsmc.o(.text) for FSMC_NORSRAMInit
    lcd.o(.text) refers to noretval__2printf.o(.text) for __2printf
    lcd.o(.text) refers to lcd.o(.constdata) for asc2_1206
    myiic.o(.text) refers to stm32f4xx_rcc.o(.text) for RCC_AHB1PeriphClockCmd
    myiic.o(.text) refers to stm32f4xx_gpio.o(.text) for GPIO_Init
    myiic.o(.text) refers to delay.o(.text) for delay_us
    mpu6050.o(.text) refers to myiic.o(.text) for IIC_Start
    mpu6050.o(.text) refers to delay.o(.text) for delay_ms
    mpu6050.o(.text) refers to dflt_clz.o(x$fpl$dflt) for __aeabi_i2d
    mpu6050.o(.text) refers to ddiv.o(x$fpl$ddiv) for __aeabi_ddiv
    mpu6050.o(.text) refers to daddsub_clz.o(x$fpl$dadd) for __aeabi_dadd
    mpu6050.o(.text) refers to d2f.o(x$fpl$d2f) for __aeabi_d2f
    inv_mpu.o(.text) refers to _printf_pad.o(.text) for _printf_pre_padding
    inv_mpu.o(.text) refers to _printf_percent.o(.ARM.Collect$$_printf_percent$$00000000) for _printf_percent
    inv_mpu.o(.text) refers to _printf_x.o(.ARM.Collect$$_printf_percent$$0000000C) for _printf_x
    inv_mpu.o(.text) refers to _printf_hex_int.o(.text) for _printf_longlong_hex
    inv_mpu.o(.text) refers to _printf_d.o(.ARM.Collect$$_printf_percent$$00000009) for _printf_d
    inv_mpu.o(.text) refers to _printf_dec.o(.text) for _printf_int_dec
    inv_mpu.o(.text) refers to mpu6050.o(.text) for MPU_Write_Len
    inv_mpu.o(.text) refers to noretval__2printf.o(.text) for __2printf
    inv_mpu.o(.text) refers to delay.o(.text) for delay_ms
    inv_mpu.o(.text) refers to inv_mpu.o(.data) for st
    inv_mpu.o(.text) refers to inv_mpu.o(.conststring) for .conststring
    inv_mpu.o(.text) refers to inv_mpu.o(.constdata) for test
    inv_mpu.o(.text) refers to llsdiv.o(.text) for __aeabi_ldivmod
    inv_mpu.o(.text) refers to memcmp.o(.text) for memcmp
    inv_mpu.o(.text) refers to inv_mpu_dmp_motion_driver.o(.text) for dmp_set_gyro_bias
    inv_mpu.o(.text) refers to myiic.o(.text) for IIC_Init
    inv_mpu.o(.text) refers to f2d.o(x$fpl$f2d) for __aeabi_f2d
    inv_mpu.o(.text) refers to asin.o(i.__hardfp_asin) for __hardfp_asin
    inv_mpu.o(.text) refers to dmul.o(x$fpl$dmul) for __aeabi_dmul
    inv_mpu.o(.text) refers to d2f.o(x$fpl$d2f) for __aeabi_d2f
    inv_mpu.o(.text) refers to atan2.o(i.__hardfp_atan2) for __hardfp_atan2
    inv_mpu.o(.text) refers to main.o(.text) for process_acceleration
[...]
    _printf_percent                          0x0800023d   Thumb Code     0  _printf_percent.o(.ARM.Collect$$_printf_percent$$00000000)
    _printf_u                                0x08000243   Thumb Code     0  _printf_u.o(.ARM.Collect$$_printf_percent$$0000000A)
    _printf_x                                0x08000249   Thumb Code     0  _printf_x.o(.ARM.Collect$$_printf_percent$$0000000C)
    _printf_c                                0x0800024f   Thumb Code     0  _printf_c.o(.ARM.Collect$$_printf_percent$$00000013)
    _printf_s                                0x08000255   Thumb Code     0  _printf_s.o(.ARM.Collect$$_printf_percent$$00000014)
    _printf_percent_end                      0x0800025b   Thumb Code     0  _printf_percent_end.o(.ARM.Collect$$_printf_percent$$00000017)
    __rt_lib_init                            0x0800025f   Thumb Code     0  libinit.o(.ARM.Collect$$libinit$$00000000)
    __rt_lib_init_fp_1                       0x08000261   Thumb Code     0  libinit2.o(.ARM.Collect$$libinit$$00000001)
    __rt_lib_init_alloca_1                   0x08000265   Thumb Code     0  libinit2.o(.ARM.Collect$$libinit$$0000002E)
    __rt_lib_init_argv_1                     0x08000265   Thumb Code     0  libinit2.o(.ARM.Collect$$libinit$$0000002C)
    __rt_lib_init_atexit_1                   0x08000265   Thumb Code     0  libinit2.o(.ARM.Collect$$libinit$$0000001B)
    __rt_lib_init_clock_1                    0x08000265   Thumb Code     0  libinit2.o(.ARM.Collect$$libinit$$00000021)
    __rt_lib_init_cpp_1                      0x08000265   Thumb Code     0  libinit2.o(.ARM.Collect$$libinit$$00000032)
    __rt_lib_init_exceptions_1               0x08000265   Thumb Code     0  libinit2.o(.ARM.Collect$$libinit$$00000030)
    __rt_lib_init_fp_trap_1                  0x08000265   Thumb Code     0  libinit2.o(.ARM.Collect$$libinit$$0000001F)
    __rt_lib_init_getenv_1                   0x08000265   Thumb Code     0  libinit2.o(.ARM.Collect$$libinit$$00000023)
    __rt_lib_init_heap_1                     0x08000265   Thumb Code     0  libinit2.o(.ARM.Collect$$libinit$$0000000A)
    __rt_lib_init_lc_collate_1               0x08000265   Thumb Code     0  libinit2.o(.ARM.Collect$$libinit$$00000011)
    __rt_lib_init_lc_ctype_1                 0x08000265   Thumb Code     0  libinit2.o(.ARM.Collect$$libinit$$00000013)
    __rt_lib_init_lc_monetary_1              0x08000265   Thumb Code     0  libinit2.o(.ARM.Collect$$libinit$$00000015)
    __rt_lib_init_lc_numeric_1               0x08000265   Thumb Code     0  libinit2.o(.ARM.Collect$$libinit$$00000017)
    __rt_lib_init_lc_time_1                  0x08000265   Thumb Code     0  libinit2.o(.ARM.Collect$$libinit$$00000019)
    __rt_lib_init_preinit_1                  0x08000265   Thumb Code     0  libinit2.o(.ARM.Collect$$libinit$$00000004)
    __rt_lib_init_rand_1                     0x08000265   Thumb Code     0  libinit2.o(.ARM.Collect$$libinit$$0000000E)
    __rt_lib_init_return                     0x08000265   Thumb Code     0  libinit2.o(.ARM.Collect$$libinit$$00000033)
    __rt_lib_init_signal_1                   0x08000265   Thumb Code     0  libinit2.o(.ARM.Collect$$libinit$$0000001D)
    __rt_lib_init_stdio_1                    0x08000265   Thumb Code     0  libinit2.o(.ARM.Collect$$libinit$$00000025)
    __rt_lib_init_user_alloc_1               0x08000265   Thumb Code     0  libinit2.o(.ARM.Collect$$libinit$$0000000C)
    __rt_lib_shutdown                        0x08000267   Thumb Code     0  libshutdown.o(.ARM.Collect$$libshutdown$$00000000)
    __rt_lib_shutdown_cpp_1                  0x08000269   Thumb Code     0  libshutdown2.o(.ARM.Collect$$libshutdown$$00000004)
    __rt_lib_shutdown_fini_1                 0x08000269   Thumb Code     0  libshutdown2.o(.ARM.Collect$$libshutdown$$00000002)
    __rt_lib_shutdown_fp_trap_1              0x08000269   Thumb Code     0  libshutdown2.o(.ARM.Collect$$libshutdown$$00000009)
    __rt_lib_shutdown_heap_1                 0x08000269   Thumb Code     0  libshutdown2.o(.ARM.Collect$$libshutdown$$00000011)
    __rt_lib_shutdown_return                 0x08000269   Thumb Code     0  libshutdown2.o(.ARM.Collect$$libshutdown$$00000012)
    __rt_lib_shutdown_signal_1               0x08000269   Thumb Code     0  libshutdown2.o(.ARM.Collect$$libshutdown$$0000000C)
    __rt_lib_shutdown_stdio_1                0x08000269   Thumb Code     0  libshutdown2.o(.ARM.Collect$$libshutdown$$00000006)
    __rt_lib_shutdown_user_alloc_1           0x08000269   Thumb Code     0  libshutdown2.o(.ARM.Collect$$libshutdown$$0000000E)
    __rt_entry                               0x0800026b   Thumb Code     0  __rtentry.o(.ARM.Collect$$rtentry$$00000000)
    __rt_entry_presh_1                       0x0800026b   Thumb Code     0  __rtentry2.o(.ARM.Collect$$rtentry$$00000002)
    __rt_entry_sh                            0x0800026b   Thumb Code     0  __rtentry4.o(.ARM.Collect$$rtentry$$00000004)
    __rt_entry_li                            0x08000271   Thumb Code     0  __rtentry2.o(.ARM.Collect$$rtentry$$0000000A)
    __rt_entry_postsh_1                      0x08000271   Thumb Code     0  __rtentry2.o(.ARM.Collect$$rtentry$$00000009)
    __rt_entry_main                          0x08000275   Thumb Code     0  __rtentry2.o(.ARM.Collect$$rtentry$$0000000D)
    __rt_entry_postli_1                      0x08000275   Thumb Code     0  __rtentry2.o(.ARM.Collect$$rtentry$$0000000C)
    __rt_exit                                0x0800027d   Thumb Code     0  rtexit.o(.ARM.Collect$$rtexit$$00000000)
    __rt_exit_ls                             0x0800027f   Thumb Code     0  rtexit2.o(.ARM.Collect$$rtexit$$00000003)
    __rt_exit_prels_1                        0x0800027f   Thumb Code     0  rtexit2.o(.ARM.Collect$$rtexit$$00000002)
    __rt_exit_exit                           0x08000283   Thumb Code     0  rtexit2.o(.ARM.Collect$$rtexit$$00000004)
    sliding_average_filter                   0x08000289   Thumb Code   106  main.o(.text)
    process_acceleration                     0x080002f3   Thumb Code    48  main.o(.text)
    usart1_send_char                         0x08000323   Thumb Code    28  main.o(.text)
    usart1_niming_report                     0x0800033f   Thumb Code   118  main.o(.text)
    mpu6050_send_data                        0x080003b5   Thumb Code    80  main.o(.text)
    usart1_report_imu                        0x08000405   Thumb Code   190  main.o(.text)
    main                                     0x080004c3   Thumb Code  2138  main.o(.text)
    NMI_Handler                              0x08000d21   Thumb Code     2  stm32f4xx_it.o(.text)
    HardFault_Handler                        0x08000d23   Thumb Code     4  stm32f4xx_it.o(.text)
    MemManage_Handler                        0x08000d27   Thumb Code     4  stm32f4xx_it.o(.text)
    BusFault_Handler                         0x08000d2b   Thumb Code     4  stm32f4xx_it.o(.text)
    UsageFault_Handler                       0x08000d2f   Thumb Code     4  stm32f4xx_it.o(.text)
    SVC_Handler                              0x08000d33   Thumb Code     2  stm32f4xx_it.o(.text)
    DebugMon_Handler                         0x08000d35   Thumb Code     2  stm32f4xx_it.o(.text)
    PendSV_Handler                           0x08000d37   Thumb Code     2  stm32f4xx_it.o(.text)
    SysTick_Handler                          0x08000d39   Thumb Code     2  stm32f4xx_it.o(.text)
    SystemInit                               0x08000e19   Thumb Code    88  system_stm32f4xx.o(.text)
    SystemCoreClockUpdate                    0x08000e71   Thumb Code   174  system_stm32f4xx.o(.text)
    LED_Init                                 0x08000f4d   Thumb Code    60  led.o(.text)
    KEY_Init                                 0x08000f8d   Thumb Code    60  key.o(.text)
    KEY_Scan                                 0x08000fc9   Thumb Code   188  key.o(.text)
    BEEP_Init                                0x08001085   Thumb Code   108  key.o(.text)
    BEEP_Off                                 0x080010f1   Thumb Code    14  key.o(.text)
    BEEP_On                                  0x080010ff   Thumb Code    14  key.o(.text)
    LCD_WR_REG                               0x0800111d   Thumb Code    18  lcd.o(.text)
    LCD_WR_DATA                              0x0800112f   Thumb Code    20  lcd.o(.text)
    LCD_RD_DATA                              0x08001143   Thumb Code    16  lcd.o(.text)
    LCD_WriteReg                             0x08001153   Thumb Code    14  lcd.o(.text)
    LCD_ReadReg                              0x08001161   Thumb Code    22  lcd.o(.text)
    LCD_WriteRAM_Prepare                     0x08001177   Thumb Code    10  lcd.o(.text)
    LCD_WriteRAM                             0x08001181   Thumb Code     8  lcd.o(.text)
    LCD_BGR2RGB                              0x08001189   Thumb Code    26  lcd.o(.text)
    opt_delay                                0x080011a3   Thumb Code    14  lcd.o(.text)
    LCD_SetCursor                            0x080011b1   Thumb Code   282  lcd.o(.text)
    LCD_ReadPoint                            0x080012cb   Thumb Code   132  lcd.o(.text)
    LCD_DisplayOn                            0x0800134f   Thumb Code    32  lcd.o(.text)
    LCD_DisplayOff                           0x0800136f   Thumb Code    32  lcd.o(.text)
    LCD_Scan_Dir                             0x0800138f   Thumb Code   570  lcd.o(.text)
    LCD_DrawPoint                            0x080015c9   Thumb Code    28  lcd.o(.text)
    LCD_Fast_DrawPoint                       0x080015e5   Thumb Code   238  lcd.o(.text)
    LCD_SSD_BackLightSet                     0x080016d3   Thumb Code    88  lcd.o(.text)
    LCD_Display_Dir                          0x0800172b   Thumb Code   298  lcd.o(.text)
    LCD_Set_Window                           0x08001855   Thumb Code   384  lcd.o(.text)
    LCD_Clear                                0x080019d5   Thumb Code    42  lcd.o(.text)
    LCD_Init                                 0x080019ff   Thumb Code 10318  lcd.o(.text)
    LCD_Fill                                 0x0800424d   Thumb Code    82  lcd.o(.text)
    LCD_Color_Fill                           0x0800429f   Thumb Code    92  lcd.o(.text)
    LCD_DrawLine                             0x080042fb   Thumb Code   176  lcd.o(.text)
    LCD_DrawRectangle                        0x080043ab   Thumb Code    60  lcd.o(.text)
    LCD_Draw_Circle                          0x080043e7   Thumb Code   152  lcd.o(.text)
    LCD_ShowChar                             0x0800447f   Thumb Code   284  lcd.o(.text)
    LCD_Pow                                  0x0800459b   Thumb Code    22  lcd.o(.text)
    LCD_ShowNum                              0x080045b1   Thumb Code   148  lcd.o(.text)
    LCD_ShowxNum                             0x08004645   Thumb Code   190  lcd.o(.text)
    LCD_ShowString                           0x08004703   Thumb Code   102  lcd.o(.text)
    IIC_Init                                 0x08004781   Thumb Code    60  myiic.o(.text)
    IIC_Start                                0x080047bd   Thumb Code    68  myiic.o(.text)
    IIC_Stop                                 0x08004801   Thumb Code    62  myiic.o(.text)
    IIC_Wait_Ack                             0x0800483f   Thumb Code    82  myiic.o(.text)
    IIC_Ack                                  0x08004891   Thumb Code    66  myiic.o(.text)
    IIC_NAck                                 0x080048d3   Thumb Code    66  myiic.o(.text)
    IIC_Send_Byte                            0x08004915   Thumb Code    90  myiic.o(.text)
    IIC_Read_Byte                            0x0800496f   Thumb Code    94  myiic.o(.text)
    MPU_Write_Byte                           0x080049d9   Thumb Code    68  mpu6050.o(.text)
    MPU_Set_LPF                              0x08004a1d   Thumb Code    58  mpu6050.o(.text)
    MPU_Set_Rate                             0x08004a57   Thumb Code    58  mpu6050.o(.text)
    MPU_Read_Byte                            0x08004a91   Thumb Code    58  mpu6050.o(.text)
    MPU_Set_Accel_Fsr                        0x08004acb   Thumb Code    16  mpu6050.o(.text)
    MPU_Set_Gyro_Fsr                         0x08004adb   Thumb Code    16  mpu6050.o(.text)
    MPU_Init                                 0x08004aeb   Thumb Code   122  mpu6050.o(.text)
    MPU_Read_Len                             0x08004b65   Thumb Code   116  mpu6050.o(.text)
    MPU_Get_Temperature                      0x08004bd9   Thumb Code   110  mpu6050.o(.text)
    MPU_Get_Gyroscope                        0x08004c47   Thumb Code    80  mpu6050.o(.text)
    MPU_Get_Accelerometer                    0x08004c97   Thumb Code    80  mpu6050.o(.text)
    MPU_Write_Len                            0x08004ce7   Thumb Code    96  mpu6050.o(.text)
    mpu_reg_dump                             0x08004de7   Thumb Code    84  inv_mpu.o(.text)
    mpu_read_reg                             0x08004e3b   Thumb Code    66  inv_mpu.o(.text)
    mpu_set_int_latched                      0x08004e7d   Thumb Code   102  inv_mpu.o(.text)
    mpu_set_sensors                          0x08004ee3   Thumb Code   202  inv_mpu.o(.text)
    mpu_set_bypass                           0x08004fad   Thumb Code   328  inv_mpu.o(.text)
    mpu_reset_fifo                           0x080050f5   Thumb Code   472  inv_mpu.o(.text)
    mpu_configure_fifo                       0x080052cd   Thumb Code   106  inv_mpu.o(.text)
    mpu_set_lpf                              0x08005337   Thumb Code   126  inv_mpu.o(.text)
    mpu_lp_accel_mode                        0x080053b5   Thumb Code   218  inv_mpu.o(.text)
    mpu_set_sample_rate                      0x0800548f   Thumb Code   152  inv_mpu.o(.text)
    mpu_set_accel_fsr                        0x08005527   Thumb Code   132  inv_mpu.o(.text)
    mpu_set_gyro_fsr                         0x080055ab   Thumb Code   132  inv_mpu.o(.text)
    mpu_init                                 0x0800562f   Thumb Code   416  inv_mpu.o(.text)
    mget_ms                                  0x080057cf   Thumb Code     2  inv_mpu.o(.text)
    mpu_get_gyro_reg                         0x080057d1   Thumb Code   110  inv_mpu.o(.text)
    mpu_get_accel_reg                        0x0800583f   Thumb Code   110  inv_mpu.o(.text)
    mpu_get_temperature                      0x080058ad   Thumb Code   142  inv_mpu.o(.text)
    mpu_set_accel_bias                       0x0800593b   Thumb Code   472  inv_mpu.o(.text)
    mpu_get_gyro_fsr                         0x08005b13   Thumb Code    64  inv_mpu.o(.text)
    mpu_get_accel_fsr                        0x08005b53   Thumb Code    72  inv_mpu.o(.text)
    mpu_get_lpf                              0x08005b9b   Thumb Code    74  inv_mpu.o(.text)
    mpu_get_sample_rate                      0x08005be5   Thumb Code    26  inv_mpu.o(.text)
    mpu_get_compass_sample_rate              0x08005bff   Thumb Code    10  inv_mpu.o(.text)
    mpu_set_compass_sample_rate              0x08005c09   Thumb Code     8  inv_mpu.o(.text)
    mpu_get_gyro_sens                        0x08005c11   Thumb Code    74  inv_mpu.o(.text)
    mpu_get_accel_sens                       0x08005c5b   Thumb Code    78  inv_mpu.o(.text)
    mpu_get_fifo_config                      0x08005ca9   Thumb Code    12  inv_mpu.o(.text)
    mpu_get_power_state                      0x08005cb5   Thumb Code    22  inv_mpu.o(.text)
    mpu_get_int_status                       0x08005ccb   Thumb Code    64  inv_mpu.o(.text)
    mpu_read_fifo                            0x08005d0b   Thumb Code   520  inv_mpu.o(.text)
    mpu_read_fifo_stream                     0x08005f13   Thumb Code   186  inv_mpu.o(.text)
    mpu_set_int_level                        0x08005fcd   Thumb Code    12  inv_mpu.o(.text)
    mpu_set_dmp_state                        0x080066db   Thumb Code   138  inv_mpu.o(.text)
    mpu_run_self_test                        0x08006765   Thumb Code   278  inv_mpu.o(.text)
    mpu_write_mem                            0x0800687b   Thumb Code   122  inv_mpu.o(.text)
    mpu_read_mem                             0x080068f5   Thumb Code   122  inv_mpu.o(.text)
    mpu_load_firmware                        0x0800696f   Thumb Code   188  inv_mpu.o(.text)
    mpu_get_dmp_state                        0x08006a2b   Thumb Code    14  inv_mpu.o(.text)
    setup_compass                            0x08006a39   Thumb Code     6  inv_mpu.o(.text)
    mpu_get_compass_reg                      0x08006a3f   Thumb Code     8  inv_mpu.o(.text)
    mpu_get_compass_fsr                      0x08006a47   Thumb Code     8  inv_mpu.o(.text)
    mpu_lp_motion_interrupt                  0x08006a4f   Thumb Code   512  inv_mpu.o(.text)
    run_self_test                            0x08006c4f   Thumb Code   154  inv_mpu.o(.text)
    inv_row_2_scale                          0x08006ce9   Thumb Code    78  inv_mpu.o(.text)
    inv_orientation_matrix_to_scalar         0x08006d37   Thumb Code    40  inv_mpu.o(.text)
    mpu_dmp_init                             0x08006d5f   Thumb Code   160  inv_mpu.o(.text)
    mpu_dmp_get_data                         0x08006dff   Thumb Code   538  inv_mpu.o(.text)
    dmp_load_motion_driver_firmware          0x08007029   Thumb Code    20  inv_mpu_dmp_motion_driver.o(.text)
    dmp_set_orientation                      0x0800703d   Thumb Code   290  inv_mpu_dmp_motion_driver.o(.text)
    dmp_set_gyro_bias                        0x0800715f   Thumb Code   294  inv_mpu_dmp_motion_driver.o(.text)
    dmp_set_accel_bias                       0x08007285   Thumb Code   300  inv_mpu_dmp_motion_driver.o(.text)
    dmp_set_fifo_rate                        0x080073b1   Thumb Code   136  inv_mpu_dmp_motion_driver.o(.text)
    dmp_get_fifo_rate                        0x08007439   Thumb Code    12  inv_mpu_dmp_motion_driver.o(.text)
    dmp_set_tap_thresh                       0x08007445   Thumb Code   412  inv_mpu_dmp_motion_driver.o(.text)
    dmp_set_tap_axes                         0x080075e1   Thumb Code    70  inv_mpu_dmp_motion_driver.o(.text)
    dmp_set_tap_count                        0x08007627   Thumb Code    38  inv_mpu_dmp_motion_driver.o(.text)
    dmp_set_tap_time                         0x0800764d   Thumb Code    38  inv_mpu_dmp_motion_driver.o(.text)
    dmp_set_tap_time_multi                   0x08007673   Thumb Code    38  inv_mpu_dmp_motion_driver.o(.text)
    dmp_set_shake_reject_thresh              0x08007699   Thumb Code    56  inv_mpu_dmp_motion_driver.o(.text)
    dmp_set_shake_reject_time                0x080076d1   Thumb Code    38  inv_mpu_dmp_motion_driver.o(.text)
    dmp_set_shake_reject_timeout             0x080076f7   Thumb Code    38  inv_mpu_dmp_motion_driver.o(.text)
    dmp_get_pedometer_step_count             0x0800771d   Thumb Code    66  inv_mpu_dmp_motion_driver.o(.text)
    dmp_set_pedometer_step_count             0x0800775f   Thumb Code    42  inv_mpu_dmp_motion_driver.o(.text)
    dmp_get_pedometer_walk_time              0x08007789   Thumb Code    72  inv_mpu_dmp_motion_driver.o(.text)
    dmp_set_pedometer_walk_time              0x080077d1   Thumb Code    48  inv_mpu_dmp_motion_driver.o(.text)
    dmp_enable_6x_lp_quat                    0x08007801   Thumb Code   100  inv_mpu_dmp_motion_driver.o(.text)
    dmp_enable_lp_quat                       0x08007865   Thumb Code    60  inv_mpu_dmp_motion_driver.o(.text)
    dmp_enable_gyro_cal                      0x080078a1   Thumb Code    62  inv_mpu_dmp_motion_driver.o(.text)
    dmp_enable_feature                       0x080078df   Thumb Code   530  inv_mpu_dmp_motion_driver.o(.text)
    dmp_get_enabled_features                 0x08007af1   Thumb Code    12  inv_mpu_dmp_motion_driver.o(.text)
    dmp_set_interrupt_mode                   0x08007b5b   Thumb Code    66  inv_mpu_dmp_motion_driver.o(.text)
    dmp_read_fifo                            0x08007b9d   Thumb Code   514  inv_mpu_dmp_motion_driver.o(.text)
    dmp_register_tap_cb                      0x08007d9f   Thumb Code    10  inv_mpu_dmp_motion_driver.o(.text)
    dmp_register_android_orient_cb           0x08007da9   Thumb Code    10  inv_mpu_dmp_motion_driver.o(.text)
    delay_init                               0x08007db9   Thumb Code    52  delay.o(.text)
    delay_us                                 0x08007ded   Thumb Code    72  delay.o(.text)
    delay_xms                                0x08007e35   Thumb Code    72  delay.o(.text)
    delay_ms                                 0x08007e7d   Thumb Code    56  delay.o(.text)
    _sys_exit                                0x08007ebd   Thumb Code     4  usart.o(.text)
    fputc                                    0x08007ec1   Thumb Code    22  usart.o(.text)
    uart_init                                0x08007ed7   Thumb Code   164  usart.o(.text)
    USART1_IRQHandler                        0x08007f7b   Thumb Code   122  usart.o(.text)
    Reset_Handler                            0x08008005   Thumb Code     8  startup_stm32f40_41xxx.o(.text)
    ADC_IRQHandler                           0x0800801f   Thumb Code     0  startup_stm32f40_41xxx.o(.text)
    CAN1_RX0_IRQHandler                      0x0800801f   Thumb Code     0  startup_stm32f40_41xxx.o(.text)
    CAN1_RX1_IRQHandler                      0x0800801f   Thumb Code     0  startup_stm32f40_41xxx.o(.text)
    CAN1_SCE_IRQHandler                      0x0800801f   Thumb Code     0  startup_stm32f40_41xxx.o(.text)
    CAN1_TX_IRQHandler                       0x0800801f   Thumb Code     0  startup_stm32f40_41xxx.o(.text)
    CAN2_RX0_IRQHandler                      0x0800801f   Thumb Code     0  startup_stm32f40_41xxx.o(.text)
    CAN2_RX1_IRQHandler                      0x0800801f   Thumb Code     0  startup_stm32f40_41xxx.o(.text)
    CAN2_SCE_IRQHandler                      0x0800801f   Thumb Code     0  startup_stm32f40_41xxx.o(.text)
    CAN2_TX_IRQHandler                       0x0800801f   Thumb Code     0  startup_stm32f40_41xxx.o(.text)
    CRYP_IRQHandler                          0x0800801f   Thumb Code     0  startup_stm32f40_41xxx.o(.text)
    DCMI_IRQHandler                          0x0800801f   Thumb Code     0  startup_stm32f40_41xxx.o(.text)
    DMA1_Stream0_IRQHandler                  0x0800801f   Thumb Code     0  startup_stm32f40_41xxx.o(.text)
    DMA1_Stream1_IRQHandler                  0x0800801f   Thumb Code     0  startup_stm32f40_41xxx.o(.text)
    DMA1_Stream2_IRQHandler                  0x0800801f   Thumb Code     0  startup_stm32f40_41xxx.o(.text)
    DMA1_Stream3_IRQHandler                  0x0800801f   Thumb Code     0  startup_stm32f40_41xxx.o(.text)
    DMA1_Stream4_IRQHandler                  0x0800801f   Thumb Code     0  startup_stm32f40_41xxx.o(.text)
    DMA1_Stream5_IRQHandler                  0x0800801f   Thumb Code     0  startup_stm32f40_41xxx.o(.text)
    DMA1_Stream6_IRQHandler                  0x0800801f   Thumb Code     0  startup_stm32f40_41xxx.o(.text)
    DMA1_Stream7_IRQHandler                  0x0800801f   Thumb Code     0  startup_stm32f40_41xxx.o(.text)
    DMA2_Stream0_IRQHandler                  0x0800801f   Thumb Code     0  startup_stm32f40_41xxx.o(.text)
    DMA2_Stream1_IRQHandler                  0x0800801f   Thumb Code     0  startup_stm32f40_41xxx.o(.text)
    DMA2_Stream2_IRQHandler                  0x0800801f   Thumb Code     0  startup_stm32f40_41xxx.o(.text)
    DMA2_Stream3_IRQHandler                  0x0800801f   Thumb Code     0  startup_stm32f40_41xxx.o(.text)
    DMA2_Stream4_IRQHandler                  0x0800801f   Thumb Code     0  startup_stm32f40_41xxx.o(.text)
    DMA2_Stream5_IRQHandler                  0x0800801f   Thumb Code     0  startup_stm32f40_41xxx.o(.text)
    DMA2_Stream6_IRQHandler                  0x0800801f   Thumb Code     0  startup_stm32f40_41xxx.o(.text)
    DMA2_Stream7_IRQHandler                  0x0800801f   Thumb Code     0  startup_stm32f40_41xxx.o(.text)
    ETH_IRQHandler                           0x0800801f   Thumb Code     0  startup_stm32f40_41xxx.o(.text)
    ETH_WKUP_IRQHandler                      0x0800801f   Thumb Code     0  startup_stm32f40_41xxx.o(.text)
    EXTI0_IRQHandler                         0x0800801f   Thumb Code     0  startup_stm32f40_41xxx.o(.text)
    EXTI15_10_IRQHandler                     0x0800801f   Thumb Code     0  startup_stm32f40_41xxx.o(.text)
    EXTI1_IRQHandler                         0x0800801f   Thumb Code     0  startup_stm32f40_41xxx.o(.text)
    EXTI2_IRQHandler                         0x0800801f   Thumb Code     0  startup_stm32f40_41xxx.o(.text)
    EXTI3_IRQHandler                         0x0800801f   Thumb Code     0  startup_stm32f40_41xxx.o(.text)
    EXTI4_IRQHandler                         0x0800801f   Thumb Code     0  startup_stm32f40_41xxx.o(.text)
    EXTI9_5_IRQHandler                       0x0800801f   Thumb Code     0  startup_stm32f40_41xxx.o(.text)
    FLASH_IRQHandler                         0x0800801f   Thumb Code     0  startup_stm32f40_41xxx.o(.text)
    FPU_IRQHandler                           0x0800801f   Thumb Code     0  startup_stm32f40_41xxx.o(.text)
    FSMC_IRQHandler                          0x0800801f   Thumb Code     0  startup_stm32f40_41xxx.o(.text)
    HASH_RNG_IRQHandler                      0x0800801f   Thumb Code     0  startup_stm32f40_41xxx.o(.text)
    I2C1_ER_IRQHandler                       0x0800801f   Thumb Code     0  startup_stm32f40_41xxx.o(.text)
    I2C1_EV_IRQHandler                       0x0800801f   Thumb Code     0  startup_stm32f40_41xxx.o(.text)
    I2C2_ER_IRQHandler                       0x0800801f   Thumb Code     0  startup_stm32f40_41xxx.o(.text)
    I2C2_EV_IRQHandler                       0x0800801f   Thumb Code     0  startup_stm32f40_41xxx.o(.text)
    I2C3_ER_IRQHandler                       0x0800801f   Thumb Code     0  startup_stm32f40_41xxx.o(.text)
    I2C3_EV_IRQHandler                       0x0800801f   Thumb Code     0  startup_stm32f40_41xxx.o(.text)
    OTG_FS_IRQHandler                        0x0800801f   Thumb Code     0  startup_stm32f40_41xxx.o(.text)
    OTG_FS_WKUP_IRQHandler                   0x0800801f   Thumb Code     0  startup_stm32f40_41xxx.o(.text)
    OTG_HS_EP1_IN_IRQHandler                 0x0800801f   Thumb Code     0  startup_stm32f40_41xxx.o(.text)
    OTG_HS_EP1_OUT_IRQHandler                0x0800801f   Thumb Code     0  startup_stm32f40_41xxx.o(.text)
    OTG_HS_IRQHandler                        0x0800801f   Thumb Code     0  startup_stm32f40_41xxx.o(.text)
    OTG_HS_WKUP_IRQHandler                   0x0800801f   Thumb Code     0  startup_stm32f40_41xxx.o(.text)
    PVD_IRQHandler                           0x0800801f   Thumb Code     0  startup_stm32f40_41xxx.o(.text)
    RCC_IRQHandler                           0x0800801f   Thumb Code     0  startup_stm32f40_41xxx.o(.text)
    RTC_Alarm_IRQHandler                     0x0800801f   Thumb Code     0  startup_stm32f40_41xxx.o(.text)
    RTC_WKUP_IRQHandler                      0x0800801f   Thumb Code     0  startup_stm32f40_41xxx.o(.text)
    SDIO_IRQHandler                          0x0800801f   Thumb Code     0  startup_stm32f40_41xxx.o(.text)
    SPI1_IRQHandler                          0x0800801f   Thumb Code     0  startup_stm32f40_41xxx.o(.text)
    SPI2_IRQHandler                          0x0800801f   Thumb Code     0  startup_stm32f40_41xxx.o(.text)
    SPI3_IRQHandler                          0x0800801f   Thumb Code     0  startup_stm32f40_41xxx.o(.text)
    TAMP_STAMP_IRQHandler                    0x0800801f   Thumb Code     0  startup_stm32f40_41xxx.o(.text)
    TIM1_BRK_TIM9_IRQHandler                 0x0800801f   Thumb Code     0  startup_stm32f40_41xxx.o(.text)
    TIM1_CC_IRQHandler                       0x0800801f   Thumb Code     0  startup_stm32f40_41xxx.o(.text)
    TIM1_TRG_COM_TIM11_IRQHandler            0x0800801f   Thumb Code     0  startup_stm32f40_41xxx.o(.text)
    TIM1_UP_TIM10_IRQHandler                 0x0800801f   Thumb Code     0  startup_stm32f40_41xxx.o(.text)
    TIM2_IRQHandler                          0x0800801f   Thumb Code     0  startup_stm32f40_41xxx.o(.text)
    TIM3_IRQHandler                          0x0800801f   Thumb Code     0  startup_stm32f40_41xxx.o(.text)
    TIM5_IRQHandler                          0x0800801f   Thumb Code     0  startup_stm32f40_41xxx.o(.text)
    TIM6_DAC_IRQHandler                      0x0800801f   Thumb Code     0  startup_stm32f40_41xxx.o(.text)
    TIM7_IRQHandler                          0x0800801f   Thumb Code     0  startup_stm32f40_41xxx.o(.text)
    TIM8_BRK_TIM12_IRQHandler                0x0800801f   Thumb Code     0  startup_stm32f40_41xxx.o(.text)
    TIM8_CC_IRQHandler                       0x0800801f   Thumb Code     0  startup_stm32f40_41xxx.o(.text)
    TIM8_TRG_COM_TIM14_IRQHandler            0x0800801f   Thumb Code     0  startup_stm32f40_41xxx.o(.text)
    TIM8_UP_TIM13_IRQHandler                 0x0800801f   Thumb Code     0  startup_stm32f40_41xxx.o(.text)
    UART4_IRQHandler                         0x0800801f   Thumb Code     0  startup_stm32f40_41xxx.o(.text)
    UART5_IRQHandler                         0x0800801f   Thumb Code     0  startup_stm32f40_41xxx.o(.text)
    USART2_IRQHandler                        0x0800801f   Thumb Code     0  startup_stm32f40_41xxx.o(.text)
    USART3_IRQHandler                        0x0800801f   Thumb Code     0  startup_stm32f40_41xxx.o(.text)
    USART6_IRQHandler                        0x0800801f   Thumb Code     0  startup_stm32f40_41xxx.o(.text)
    WWDG_IRQHandler                          0x0800801f   Thumb Code     0  startup_stm32f40_41xxx.o(.text)
    __user_initial_stackheap                 0x08008021   Thumb Code     0  startup_stm32f40_41xxx.o(.text)
    NVIC_PriorityGroupConfig                 0x08008045   Thumb Code    10  misc.o(.text)
    NVIC_Init                                0x0800804f   Thumb Code   106  misc.o(.text)
    NVIC_SetVectorTable                      0x080080b9   Thumb Code    14  misc.o(.text)
    NVIC_SystemLPConfig                      0x080080c7   Thumb Code    34  misc.o(.text)
    SysTick_CLKSourceConfig                  0x080080e9   Thumb Code    40  misc.o(.text)
    FSMC_NORSRAMDeInit                       0x08008125   Thumb Code    54  stm32f4xx_fsmc.o(.text)
    FSMC_NORSRAMInit                         0x0800815b   Thumb Code   230  stm32f4xx_fsmc.o(.text)
    FSMC_NORSRAMStructInit                   0x08008241   Thumb Code    48  stm32f4xx_fsmc.o(.text)
    FSMC_NORSRAMCmd                          0x08008271   Thumb Code    46  stm32f4xx_fsmc.o(.text)
    FSMC_NANDDeInit                          0x0800829f   Thumb Code    62  stm32f4xx_fsmc.o(.text)
    FSMC_NANDInit                            0x080082dd   Thumb Code   132  stm32f4xx_fsmc.o(.text)
    FSMC_NANDStructInit                      0x08008361   Thumb Code    54  stm32f4xx_fsmc.o(.text)
    FSMC_NANDCmd                             0x08008397   Thumb Code    86  stm32f4xx_fsmc.o(.text)
    FSMC_NANDECCCmd                          0x080083ed   Thumb Code    86  stm32f4xx_fsmc.o(.text)
    FSMC_GetECC                              0x08008443   Thumb Code    24  stm32f4xx_fsmc.o(.text)
    FSMC_PCCARDDeInit                        0x0800845b   Thumb Code    36  stm32f4xx_fsmc.o(.text)
    FSMC_PCCARDInit                          0x0800847f   Thumb Code   130  stm32f4xx_fsmc.o(.text)
    FSMC_PCCARDStructInit                    0x08008501   Thumb Code    60  stm32f4xx_fsmc.o(.text)
    FSMC_PCCARDCmd                           0x0800853d   Thumb Code    44  stm32f4xx_fsmc.o(.text)
    FSMC_ITConfig                            0x08008569   Thumb Code   128  stm32f4xx_fsmc.o(.text)
    FSMC_GetFlagStatus                       0x080085e9   Thumb Code    54  stm32f4xx_fsmc.o(.text)
    FSMC_ClearFlag                           0x0800861f   Thumb Code    74  stm32f4xx_fsmc.o(.text)
    FSMC_GetITStatus                         0x08008669   Thumb Code    62  stm32f4xx_fsmc.o(.text)
    FSMC_ClearITPendingBit                   0x080086a7   Thumb Code    66  stm32f4xx_fsmc.o(.text)
    GPIO_DeInit                              0x080086ed   Thumb Code   268  stm32f4xx_gpio.o(.text)
    GPIO_Init                                0x080087f9   Thumb Code   144  stm32f4xx_gpio.o(.text)
    GPIO_StructInit                          0x08008889   Thumb Code    18  stm32f4xx_gpio.o(.text)
    GPIO_PinLockConfig                       0x0800889b   Thumb Code    34  stm32f4xx_gpio.o(.text)
    GPIO_ReadInputDataBit                    0x080088bd   Thumb Code    18  stm32f4xx_gpio.o(.text)
    GPIO_ReadInputData                       0x080088cf   Thumb Code     8  stm32f4xx_gpio.o(.text)
    GPIO_ReadOutputDataBit                   0x080088d7   Thumb Code    18  stm32f4xx_gpio.o(.text)
    GPIO_ReadOutputData                      0x080088e9   Thumb Code     8  stm32f4xx_gpio.o(.text)
    GPIO_SetBits                             0x080088f1   Thumb Code     4  stm32f4xx_gpio.o(.text)
    GPIO_ResetBits                           0x080088f5   Thumb Code     4  stm32f4xx_gpio.o(.text)
    GPIO_WriteBit                            0x080088f9   Thumb Code    10  stm32f4xx_gpio.o(.text)
    GPIO_Write                               0x08008903   Thumb Code     4  stm32f4xx_gpio.o(.text)
    GPIO_ToggleBits                          0x08008907   Thumb Code     8  stm32f4xx_gpio.o(.text)
    GPIO_PinAFConfig                         0x0800890f   Thumb Code    70  stm32f4xx_gpio.o(.text)
    RCC_DeInit                               0x08008981   Thumb Code    82  stm32f4xx_rcc.o(.text)
    RCC_HSEConfig                            0x080089d3   Thumb Code    14  stm32f4xx_rcc.o(.text)
    RCC_GetFlagStatus                        0x080089e1   Thumb Code    60  stm32f4xx_rcc.o(.text)
    RCC_WaitForHSEStartUp                    0x08008a1d   Thumb Code    56  stm32f4xx_rcc.o(.text)
    RCC_AdjustHSICalibrationValue            0x08008a55   Thumb Code    20  stm32f4xx_rcc.o(.text)
    RCC_HSICmd                               0x08008a69   Thumb Code     6  stm32f4xx_rcc.o(.text)
    RCC_LSEConfig                            0x08008a6f   Thumb Code    46  stm32f4xx_rcc.o(.text)
    RCC_LSICmd                               0x08008a9d   Thumb Code     6  stm32f4xx_rcc.o(.text)
    RCC_PLLConfig                            0x08008aa3   Thumb Code    32  stm32f4xx_rcc.o(.text)
    RCC_PLLCmd                               0x08008ac3   Thumb Code     6  stm32f4xx_rcc.o(.text)
    RCC_PLLI2SConfig                         0x08008ac9   Thumb Code    14  stm32f4xx_rcc.o(.text)
    RCC_PLLI2SCmd                            0x08008ad7   Thumb Code     6  stm32f4xx_rcc.o(.text)
    RCC_PLLSAIConfig                         0x08008add   Thumb Code    20  stm32f4xx_rcc.o(.text)
    RCC_PLLSAICmd                            0x08008af1   Thumb Code     6  stm32f4xx_rcc.o(.text)
    RCC_ClockSecuritySystemCmd               0x08008af7   Thumb Code     6  stm32f4xx_rcc.o(.text)
    RCC_MCO1Config                           0x08008afd   Thumb Code    28  stm32f4xx_rcc.o(.text)
    RCC_MCO2Config                           0x08008b19   Thumb Code    28  stm32f4xx_rcc.o(.text)
    RCC_SYSCLKConfig                         0x08008b35   Thumb Code    20  stm32f4xx_rcc.o(.text)
    RCC_GetSYSCLKSource                      0x08008b49   Thumb Code    12  stm32f4xx_rcc.o(.text)
    RCC_HCLKConfig                           0x08008b55   Thumb Code    20  stm32f4xx_rcc.o(.text)
    RCC_PCLK1Config                          0x08008b69   Thumb Code    20  stm32f4xx_rcc.o(.text)
    RCC_PCLK2Config                          0x08008b7d   Thumb Code    22  stm32f4xx_rcc.o(.text)
    RCC_GetClocksFreq                        0x08008b93   Thumb Code   222  stm32f4xx_rcc.o(.text)
    RCC_RTCCLKConfig                         0x08008c71   Thumb Code    54  stm32f4xx_rcc.o(.text)
    RCC_RTCCLKCmd                            0x08008ca7   Thumb Code     8  stm32f4xx_rcc.o(.text)
    RCC_BackupResetCmd                       0x08008caf   Thumb Code     8  stm32f4xx_rcc.o(.text)
    RCC_I2SCLKConfig                         0x08008cb7   Thumb Code     6  stm32f4xx_rcc.o(.text)
    RCC_SAIPLLI2SClkDivConfig                0x08008cbd   Thumb Code    26  stm32f4xx_rcc.o(.text)
    RCC_SAIPLLSAIClkDivConfig                0x08008cd7   Thumb Code    28  stm32f4xx_rcc.o(.text)
    RCC_SAIBlockACLKConfig                   0x08008cf3   Thumb Code    20  stm32f4xx_rcc.o(.text)
    RCC_SAIBlockBCLKConfig                   0x08008d07   Thumb Code    20  stm32f4xx_rcc.o(.text)
    RCC_LTDCCLKDivConfig                     0x08008d1b   Thumb Code    20  stm32f4xx_rcc.o(.text)
    RCC_TIMCLKPresConfig                     0x08008d2f   Thumb Code     6  stm32f4xx_rcc.o(.text)
    RCC_AHB1PeriphClockCmd                   0x08008d35   Thumb Code    34  stm32f4xx_rcc.o(.text)
    RCC_AHB2PeriphClockCmd                   0x08008d57   Thumb Code    78  stm32f4xx_rcc.o(.text)
    RCC_AHB3PeriphClockCmd                   0x08008da5   Thumb Code    34  stm32f4xx_rcc.o(.text)
    RCC_APB1PeriphClockCmd                   0x08008dc7   Thumb Code    34  stm32f4xx_rcc.o(.text)
    RCC_APB2PeriphClockCmd                   0x08008de9   Thumb Code    34  stm32f4xx_rcc.o(.text)
    RCC_AHB1PeriphResetCmd                   0x08008e0b   Thumb Code    34  stm32f4xx_rcc.o(.text)
    RCC_AHB2PeriphResetCmd                   0x08008e2d   Thumb Code    34  stm32f4xx_rcc.o(.text)
    RCC_AHB3PeriphResetCmd                   0x08008e4f   Thumb Code    34  stm32f4xx_rcc.o(.text)
    RCC_APB1PeriphResetCmd                   0x08008e71   Thumb Code    34  stm32f4xx_rcc.o(.text)
    RCC_APB2PeriphResetCmd                   0x08008e93   Thumb Code    34  stm32f4xx_rcc.o(.text)
    RCC_AHB1PeriphClockLPModeCmd             0x08008eb5   Thumb Code    34  stm32f4xx_rcc.o(.text)
    RCC_AHB2PeriphClockLPModeCmd             0x08008ed7   Thumb Code    34  stm32f4xx_rcc.o(.text)
    RCC_AHB3PeriphClockLPModeCmd             0x08008ef9   Thumb Code    34  stm32f4xx_rcc.o(.text)
    RCC_APB1PeriphClockLPModeCmd             0x08008f1b   Thumb Code    34  stm32f4xx_rcc.o(.text)
    RCC_APB2PeriphClockLPModeCmd             0x08008f3d   Thumb Code    34  stm32f4xx_rcc.o(.text)
    RCC_LSEModeConfig                        0x08008f5f   Thumb Code    40  stm32f4xx_rcc.o(.text)
    RCC_ITConfig                             0x08008f87   Thumb Code    34  stm32f4xx_rcc.o(.text)
    RCC_ClearFlag                            0x08008fa9   Thumb Code    18  stm32f4xx_rcc.o(.text)
    RCC_GetITStatus                          0x08008fbb   Thumb Code    22  stm32f4xx_rcc.o(.text)
    RCC_ClearITPendingBit                    0x08008fd1   Thumb Code     8  stm32f4xx_rcc.o(.text)
    USART_DeInit                             0x08008fdd   Thumb Code   206  stm32f4xx_usart.o(.text)
    USART_Init                               0x080090ab   Thumb Code   204  stm32f4xx_usart.o(.text)
    USART_StructInit                         0x08009177   Thumb Code    24  stm32f4xx_usart.o(.text)
    USART_ClockInit                          0x0800918f   Thumb Code    32  stm32f4xx_usart.o(.text)
    USART_ClockStructInit                    0x080091af   Thumb Code    12  stm32f4xx_usart.o(.text)
    USART_Cmd                                0x080091bb   Thumb Code    24  stm32f4xx_usart.o(.text)
    USART_SetPrescaler                       0x080091d3   Thumb Code    16  stm32f4xx_usart.o(.text)
    USART_OverSampling8Cmd                   0x080091e3   Thumb Code    22  stm32f4xx_usart.o(.text)
    USART_OneBitMethodCmd                    0x080091f9   Thumb Code    24  stm32f4xx_usart.o(.text)
    USART_SendData                           0x08009211   Thumb Code     8  stm32f4xx_usart.o(.text)
    USART_ReceiveData                        0x08009219   Thumb Code    10  stm32f4xx_usart.o(.text)
    USART_SetAddress                         0x08009223   Thumb Code    18  stm32f4xx_usart.o(.text)
    USART_ReceiverWakeUpCmd                  0x08009235   Thumb Code    24  stm32f4xx_usart.o(.text)
    USART_WakeUpConfig                       0x0800924d   Thumb Code    18  stm32f4xx_usart.o(.text)
    USART_LINBreakDetectLengthConfig         0x0800925f   Thumb Code    18  stm32f4xx_usart.o(.text)
    USART_LINCmd                             0x08009271   Thumb Code    24  stm32f4xx_usart.o(.text)
    USART_SendBreak                          0x08009289   Thumb Code    10  stm32f4xx_usart.o(.text)
    USART_HalfDuplexCmd                      0x08009293   Thumb Code    24  stm32f4xx_usart.o(.text)
    USART_SetGuardTime                       0x080092ab   Thumb Code    16  stm32f4xx_usart.o(.text)
    USART_SmartCardCmd                       0x080092bb   Thumb Code    24  stm32f4xx_usart.o(.text)
    USART_SmartCardNACKCmd                   0x080092d3   Thumb Code    24  stm32f4xx_usart.o(.text)
    USART_IrDAConfig                         0x080092eb   Thumb Code    18  stm32f4xx_usart.o(.text)
    USART_IrDACmd                            0x080092fd   Thumb Code    24  stm32f4xx_usart.o(.text)
    USART_DMACmd                             0x08009315   Thumb Code    18  stm32f4xx_usart.o(.text)
    USART_ITConfig                           0x08009327   Thumb Code    74  stm32f4xx_usart.o(.text)
    USART_GetFlagStatus                      0x08009371   Thumb Code    26  stm32f4xx_usart.o(.text)
    USART_ClearFlag                          0x0800938b   Thumb Code    18  stm32f4xx_usart.o(.text)
    USART_GetITStatus                        0x0800939d   Thumb Code   118  stm32f4xx_usart.o(.text)
    USART_ClearITPendingBit                  0x08009413   Thumb Code    30  stm32f4xx_usart.o(.text)
    TIM_DeInit                               0x08009431   Thumb Code   346  stm32f4xx_tim.o(.text)
    TIM_TimeBaseInit                         0x0800958b   Thumb Code   104  stm32f4xx_tim.o(.text)
    TIM_TimeBaseStructInit                   0x080095f3   Thumb Code    18  stm32f4xx_tim.o(.text)
    TIM_PrescalerConfig                      0x08009605   Thumb Code     6  stm32f4xx_tim.o(.text)
    TIM_CounterModeConfig                    0x0800960b   Thumb Code    18  stm32f4xx_tim.o(.text)
    TIM_SetCounter                           0x0800961d   Thumb Code     4  stm32f4xx_tim.o(.text)
    TIM_SetAutoreload                        0x08009621   Thumb Code     4  stm32f4xx_tim.o(.text)
    TIM_GetCounter                           0x08009625   Thumb Code     6  stm32f4xx_tim.o(.text)
    TIM_GetPrescaler                         0x0800962b   Thumb Code     6  stm32f4xx_tim.o(.text)
    TIM_UpdateDisableConfig                  0x08009631   Thumb Code    24  stm32f4xx_tim.o(.text)
    TIM_UpdateRequestConfig                  0x08009649   Thumb Code    24  stm32f4xx_tim.o(.text)
    TIM_ARRPreloadConfig                     0x08009661   Thumb Code    24  stm32f4xx_tim.o(.text)
    TIM_SelectOnePulseMode                   0x08009679   Thumb Code    18  stm32f4xx_tim.o(.text)
    TIM_SetClockDivision                     0x0800968b   Thumb Code    18  stm32f4xx_tim.o(.text)
    TIM_Cmd                                  0x0800969d   Thumb Code    24  stm32f4xx_tim.o(.text)
    TIM_OC1Init                              0x080096b5   Thumb Code   114  stm32f4xx_tim.o(.text)
    TIM_OC2Init                              0x08009727   Thumb Code   154  stm32f4xx_tim.o(.text)
    TIM_OC3Init                              0x080097c1   Thumb Code   204  stm32f4xx_tim.o(.text)
    TIM_OC4Init                              0x0800988d   Thumb Code   112  stm32f4xx_tim.o(.text)
    TIM_OCStructInit                         0x080098fd   Thumb Code    20  stm32f4xx_tim.o(.text)
    TIM_SelectOCxM                           0x08009911   Thumb Code    86  stm32f4xx_tim.o(.text)
    TIM_SetCompare1                          0x08009967   Thumb Code     4  stm32f4xx_tim.o(.text)
    TIM_SetCompare2                          0x0800996b   Thumb Code     4  stm32f4xx_tim.o(.text)
    TIM_SetCompare3                          0x0800996f   Thumb Code     4  stm32f4xx_tim.o(.text)
    TIM_SetCompare4                          0x08009973   Thumb Code     4  stm32f4xx_tim.o(.text)
    TIM_ForcedOC1Config                      0x08009977   Thumb Code    18  stm32f4xx_tim.o(.text)
    TIM_ForcedOC2Config                      0x08009989   Thumb Code    26  stm32f4xx_tim.o(.text)
    TIM_ForcedOC3Config                      0x080099a3   Thumb Code    18  stm32f4xx_tim.o(.text)
    TIM_ForcedOC4Config                      0x080099b5   Thumb Code    26  stm32f4xx_tim.o(.text)
    TIM_OC1PreloadConfig                     0x080099cf   Thumb Code    18  stm32f4xx_tim.o(.text)
    TIM_OC2PreloadConfig                     0x080099e1   Thumb Code    26  stm32f4xx_tim.o(.text)
    TIM_OC3PreloadConfig                     0x080099fb   Thumb Code    18  stm32f4xx_tim.o(.text)
    TIM_OC4PreloadConfig                     0x08009a0d   Thumb Code    26  stm32f4xx_tim.o(.text)
    TIM_OC1FastConfig                        0x08009a27   Thumb Code    18  stm32f4xx_tim.o(.text)
    TIM_OC2FastConfig                        0x08009a39   Thumb Code    26  stm32f4xx_tim.o(.text)
    TIM_OC3FastConfig                        0x08009a53   Thumb Code    18  stm32f4xx_tim.o(.text)
    TIM_OC4FastConfig                        0x08009a65   Thumb Code    26  stm32f4xx_tim.o(.text)
    TIM_ClearOC1Ref                          0x08009a7f   Thumb Code    18  stm32f4xx_tim.o(.text)
    TIM_ClearOC2Ref                          0x08009a91   Thumb Code    24  stm32f4xx_tim.o(.text)
    TIM_ClearOC3Ref                          0x08009aa9   Thumb Code    18  stm32f4xx_tim.o(.text)
    TIM_ClearOC4Ref                          0x08009abb   Thumb Code    24  stm32f4xx_tim.o(.text)
    TIM_OC1PolarityConfig                    0x08009ad3   Thumb Code    18  stm32f4xx_tim.o(.text)
    TIM_OC1NPolarityConfig                   0x08009ae5   Thumb Code    18  stm32f4xx_tim.o(.text)
    TIM_OC2PolarityConfig                    0x08009af7   Thumb Code    26  stm32f4xx_tim.o(.text)
    TIM_OC2NPolarityConfig                   0x08009b11   Thumb Code    26  stm32f4xx_tim.o(.text)
    TIM_OC3PolarityConfig                    0x08009b2b   Thumb Code    26  stm32f4xx_tim.o(.text)
    TIM_OC3NPolarityConfig                   0x08009b45   Thumb Code    26  stm32f4xx_tim.o(.text)
    TIM_OC4PolarityConfig                    0x08009b5f   Thumb Code    26  stm32f4xx_tim.o(.text)
    TIM_CCxCmd                               0x08009b79   Thumb Code    30  stm32f4xx_tim.o(.text)
    TIM_CCxNCmd                              0x08009b97   Thumb Code    30  stm32f4xx_tim.o(.text)
    TIM_SetIC4Prescaler                      0x08009bb5   Thumb Code    26  stm32f4xx_tim.o(.text)
    TIM_SetIC3Prescaler                      0x08009c1f   Thumb Code    18  stm32f4xx_tim.o(.text)
    TIM_SetIC2Prescaler                      0x08009c79   Thumb Code    26  stm32f4xx_tim.o(.text)
    TIM_SetIC1Prescaler                      0x08009ced   Thumb Code    18  stm32f4xx_tim.o(.text)
    TIM_ICInit                               0x08009d39   Thumb Code   110  stm32f4xx_tim.o(.text)
    TIM_ICStructInit                         0x08009da7   Thumb Code    18  stm32f4xx_tim.o(.text)
    TIM_PWMIConfig                           0x08009db9   Thumb Code   124  stm32f4xx_tim.o(.text)
    TIM_GetCapture1                          0x08009e35   Thumb Code     6  stm32f4xx_tim.o(.text)
    TIM_GetCapture2                          0x08009e3b   Thumb Code     6  stm32f4xx_tim.o(.text)
    TIM_GetCapture3                          0x08009e41   Thumb Code     6  stm32f4xx_tim.o(.text)
    TIM_GetCapture4                          0x08009e47   Thumb Code     6  stm32f4xx_tim.o(.text)
    TIM_BDTRConfig                           0x08009e4d   Thumb Code    32  stm32f4xx_tim.o(.text)
    TIM_BDTRStructInit                       0x08009e6d   Thumb Code    18  stm32f4xx_tim.o(.text)
    TIM_CtrlPWMOutputs                       0x08009e7f   Thumb Code    30  stm32f4xx_tim.o(.text)
    TIM_SelectCOM                            0x08009e9d   Thumb Code    24  stm32f4xx_tim.o(.text)
    TIM_CCPreloadControl                     0x08009eb5   Thumb Code    24  stm32f4xx_tim.o(.text)
    TIM_ITConfig                             0x08009ecd   Thumb Code    18  stm32f4xx_tim.o(.text)
    TIM_GenerateEvent                        0x08009edf   Thumb Code     4  stm32f4xx_tim.o(.text)
    TIM_GetFlagStatus                        0x08009ee3   Thumb Code    18  stm32f4xx_tim.o(.text)
    TIM_ClearFlag                            0x08009ef5   Thumb Code     6  stm32f4xx_tim.o(.text)
    TIM_GetITStatus                          0x08009efb   Thumb Code    34  stm32f4xx_tim.o(.text)
    TIM_ClearITPendingBit                    0x08009f1d   Thumb Code     6  stm32f4xx_tim.o(.text)
    TIM_DMAConfig                            0x08009f23   Thumb Code    10  stm32f4xx_tim.o(.text)
    TIM_DMACmd                               0x08009f2d   Thumb Code    18  stm32f4xx_tim.o(.text)
    TIM_SelectCCDMA                          0x08009f3f   Thumb Code    24  stm32f4xx_tim.o(.text)
    TIM_InternalClockConfig                  0x08009f57   Thumb Code    12  stm32f4xx_tim.o(.text)
    TIM_SelectInputTrigger                   0x08009f63   Thumb Code    18  stm32f4xx_tim.o(.text)
    TIM_ITRxExternalClockConfig              0x08009f75   Thumb Code    24  stm32f4xx_tim.o(.text)
    TIM_TIxExternalClockConfig               0x08009f8d   Thumb Code    62  stm32f4xx_tim.o(.text)
    TIM_ETRConfig                            0x08009fcb   Thumb Code    28  stm32f4xx_tim.o(.text)
    TIM_ETRClockMode1Config                  0x08009fe7   Thumb Code    54  stm32f4xx_tim.o(.text)
    TIM_ETRClockMode2Config                  0x0800a01d   Thumb Code    32  stm32f4xx_tim.o(.text)
    TIM_SelectOutputTrigger                  0x0800a03d   Thumb Code    18  stm32f4xx_tim.o(.text)
    TIM_SelectSlaveMode                      0x0800a04f   Thumb Code    18  stm32f4xx_tim.o(.text)
    TIM_SelectMasterSlaveMode                0x0800a061   Thumb Code    18  stm32f4xx_tim.o(.text)
    TIM_EncoderInterfaceConfig               0x0800a073   Thumb Code    66  stm32f4xx_tim.o(.text)
    TIM_SelectHallSensor                     0x0800a0b5   Thumb Code    24  stm32f4xx_tim.o(.text)
    TIM_RemapConfig                          0x0800a0cd   Thumb Code     6  stm32f4xx_tim.o(.text)
    usmart_sys_cmd_exe                       0x0800a0d5   Thumb Code  1554  usmart.o(.text)
    usmart_reset_runtime                     0x0800a6e7   Thumb Code    38  usmart.o(.text)
    usmart_get_runtime                       0x0800a70d   Thumb Code    60  usmart.o(.text)
    TIM4_IRQHandler                          0x0800a749   Thumb Code    46  usmart.o(.text)
    Timer4_Init                              0x0800a777   Thumb Code    86  usmart.o(.text)
    usmart_init                              0x0800a7cd   Thumb Code    36  usmart.o(.text)
    usmart_cmd_rec                           0x0800a7f1   Thumb Code   170  usmart.o(.text)
    usmart_exe                               0x0800a89b   Thumb Code   868  usmart.o(.text)
    usmart_scan                              0x0800abff   Thumb Code   120  usmart.o(.text)
    read_addr                                0x0800ac77   Thumb Code     6  usmart.o(.text)
    write_addr                               0x0800ac7d   Thumb Code     4  usmart.o(.text)
    usmart_strcmp                            0x0800ad09   Thumb Code    34  usmart_str.o(.text)
    usmart_strcopy                           0x0800ad2b   Thumb Code    22  usmart_str.o(.text)
    usmart_strlen                            0x0800ad41   Thumb Code    24  usmart_str.o(.text)
    usmart_pow                               0x0800ad59   Thumb Code    22  usmart_str.o(.text)
    usmart_str2num                           0x0800ad6f   Thumb Code   202  usmart_str.o(.text)
    usmart_get_cmdname                       0x0800ae39   Thumb Code    54  usmart_str.o(.text)
    usmart_search_nextc                      0x0800ae6f   Thumb Code    22  usmart_str.o(.text)
    usmart_get_fname                         0x0800ae85   Thumb Code   440  usmart_str.o(.text)
    usmart_get_aparm                         0x0800b03d   Thumb Code   200  usmart_str.o(.text)
    usmart_get_parmpos                       0x0800b105   Thumb Code    26  usmart_str.o(.text)
    usmart_get_fparam                        0x0800b11f   Thumb Code   262  usmart_str.o(.text)
    __use_no_semihosting                     0x0800b231   Thumb Code     2  use_no_semi_2.o(.text)
    __aeabi_ldivmod                          0x0800b233   Thumb Code     0  llsdiv.o(.text)
    _ll_sdiv                                 0x0800b233   Thumb Code    72  llsdiv.o(.text)
    __2printf                                0x0800b27d   Thumb Code    20  noretval__2printf.o(.text)
    _printf_pre_padding                      0x0800b295   Thumb Code    44  _printf_pad.o(.text)
    _printf_post_padding                     0x0800b2c1   Thumb Code    34  _printf_pad.o(.text)
    _printf_str                              0x0800b2e3   Thumb Code    82  _printf_str.o(.text)
    _printf_int_dec                          0x0800b335   Thumb Code   104  _printf_dec.o(.text)
    _printf_int_hex                          0x0800b3ad   Thumb Code    84  _printf_hex_int.o(.text)
    _printf_longlong_hex                     0x0800b3ad   Thumb Code     0  _printf_hex_int.o(.text)
    __printf                                 0x0800b405   Thumb Code   388  __printf_flags_ss_wp.o(.text)
    memcmp                                   0x0800b58d   Thumb Code    88  memcmp.o(.text)
    __aeabi_memset                           0x0800b5e5   Thumb Code    16  aeabi_memset.o(.text)
    __use_two_region_memory                  0x0800b5f5   Thumb Code     2  heapauxi.o(.text)
    __rt_heap_escrow$2region                 0x0800b5f7   Thumb Code     2  heapauxi.o(.text)
    __rt_heap_expand$2region                 0x0800b5f9   Thumb Code     2  heapauxi.o(.text)
    __I$use$semihosting                      0x0800b5fb   Thumb Code     0  use_no_semi.o(.text)
    __use_no_semihosting_swi                 0x0800b5fb   Thumb Code     2  use_no_semi.o(.text)
    __aeabi_uldivmod                         0x0800b5fd   Thumb Code     0  lludivv7m.o(.text)
    _ll_udiv                                 0x0800b5fd   Thumb Code   238  lludivv7m.o(.text)
    __read_errno                             0x0800b6eb   Thumb Code    10  _rserrno.o(.text)
    __set_errno                              0x0800b6f5   Thumb Code    12  _rserrno.o(.text)
    _printf_int_common                       0x0800b701   Thumb Code   178  _printf_intcommon.o(.text)
    _printf_cs_common                        0x0800b7b3   Thumb Code    20  _printf_char.o(.text)
    _printf_char                             0x0800b7c7   Thumb Code    16  _printf_char.o(.text)
    _printf_string                           0x0800b7d7   Thumb Code     8  _printf_char.o(.text)
    _printf_char_file                        0x0800b7e1   Thumb Code    32  _printf_char_file.o(.text)
    __aeabi_memclr                           0x0800b805   Thumb Code     0  rt_memclr.o(.text)
    __rt_memclr                              0x0800b805   Thumb Code    68  rt_memclr.o(.text)
    _memset                                  0x0800b809   Thumb Code     0  rt_memclr.o(.text)
    __aeabi_errno_addr                       0x0800b849   Thumb Code     8  rt_errno_addr_intlibspace.o(.text)
    __errno$intlibspace                      0x0800b849   Thumb Code     0  rt_errno_addr_intlibspace.o(.text)
    __rt_errno_addr$intlibspace              0x0800b849   Thumb Code     0  rt_errno_addr_intlibspace.o(.text)
    _printf_char_common                      0x0800b85b   Thumb Code    32  _printf_char_common.o(.text)
    ferror                                   0x0800b881   Thumb Code     8  ferror.o(.text)
    __aeabi_memclr4                          0x0800b889   Thumb Code     0  rt_memclr_w.o(.text)
    __aeabi_memclr8                          0x0800b889   Thumb Code     0  rt_memclr_w.o(.text)
    __rt_memclr_w                            0x0800b889   Thumb Code    78  rt_memclr_w.o(.text)
    _memset_w                                0x0800b88d   Thumb Code     0  rt_memclr_w.o(.text)
    __user_libspace                          0x0800b8d9   Thumb Code     8  libspace.o(.text)
    __user_perproc_libspace                  0x0800b8d9   Thumb Code     0  libspace.o(.text)
    __user_perthread_libspace                0x0800b8d9   Thumb Code     0  libspace.o(.text)
    __user_setup_stackheap                   0x0800b8e1   Thumb Code    74  sys_stackheap_outer.o(.text)
    exit                                     0x0800b92b   Thumb Code    18  exit.o(.text)
    __ARM_fpclassify                         0x0800b93d   Thumb Code    48  fpclassify.o(i.__ARM_fpclassify)
    __hardfp_asin                            0x0800b971   Thumb Code   770  asin.o(i.__hardfp_asin)
    __hardfp_atan                            0x0800bcd1   Thumb Code   622  atan.o(i.__hardfp_atan)
    __hardfp_atan2                           0x0800bfa9   Thumb Code   448  atan2.o(i.__hardfp_atan2)
    __kernel_poly                            0x0800c1a9   Thumb Code   248  poly.o(i.__kernel_poly)
    __mathlib_dbl_infnan                     0x0800c2a1   Thumb Code    20  dunder.o(i.__mathlib_dbl_infnan)
    __mathlib_dbl_infnan2                    0x0800c2b5   Thumb Code    20  dunder.o(i.__mathlib_dbl_infnan2)
    __mathlib_dbl_invalid                    0x0800c2c9   Thumb Code    24  dunder.o(i.__mathlib_dbl_invalid)
    __mathlib_dbl_underflow                  0x0800c2e9   Thumb Code    24  dunder.o(i.__mathlib_dbl_underflow)
    _is_digit                                0x0800c309   Thumb Code    14  __printf_wp.o(i._is_digit)
    atan                                     0x0800c317   Thumb Code    16  atan.o(i.atan)
    fabs                                     0x0800c327   Thumb Code    24  fabs.o(i.fabs)
    sqrt                                     0x0800c33f   Thumb Code   110  sqrt.o(i.sqrt)
    __aeabi_dneg                             0x0800c3ad   Thumb Code     0  basic.o(x$fpl$basic)
    _dneg                                    0x0800c3ad   Thumb Code     6  basic.o(x$fpl$basic)
    __aeabi_fneg                             0x0800c3b3   Thumb Code     0  basic.o(x$fpl$basic)
    _fneg                                    0x0800c3b3   Thumb Code     6  basic.o(x$fpl$basic)
    _dabs                                    0x0800c3b9   Thumb Code     6  basic.o(x$fpl$basic)
    _fabs                                    0x0800c3bf   Thumb Code     6  basic.o(x$fpl$basic)
    __aeabi_d2f                              0x0800c3c5   Thumb Code     0  d2f.o(x$fpl$d2f)
    _d2f                                     0x0800c3c5   Thumb Code    98  d2f.o(x$fpl$d2f)
    __aeabi_dadd                             0x0800c429   Thumb Code     0  daddsub_clz.o(x$fpl$dadd)
    _dadd                                    0x0800c429   Thumb Code   332  daddsub_clz.o(x$fpl$dadd)
    __fpl_dcmp_Inf                           0x0800c579   Thumb Code    24  dcmpi.o(x$fpl$dcmpinf)
    __aeabi_ddiv                             0x0800c591   Thumb Code     0  ddiv.o(x$fpl$ddiv)
    _ddiv                                    0x0800c591   Thumb Code   552  ddiv.o(x$fpl$ddiv)
    __aeabi_cdcmpeq                          0x0800c841   Thumb Code     0  deqf.o(x$fpl$deqf)
    _dcmpeq                                  0x0800c841   Thumb Code   120  deqf.o(x$fpl$deqf)
    __aeabi_d2uiz                            0x0800c8b9   Thumb Code     0  dfixu.o(x$fpl$dfixu)
    _dfixu                                   0x0800c8b9   Thumb Code    90  dfixu.o(x$fpl$dfixu)
    __aeabi_i2d                              0x0800c913   Thumb Code     0  dflt_clz.o(x$fpl$dflt)
    _dflt                                    0x0800c913   Thumb Code    46  dflt_clz.o(x$fpl$dflt)
    __aeabi_ui2d                             0x0800c941   Thumb Code     0  dflt_clz.o(x$fpl$dfltu)
    _dfltu                                   0x0800c941   Thumb Code    38  dflt_clz.o(x$fpl$dfltu)
    __aeabi_dmul                             0x0800c969   Thumb Code     0  dmul.o(x$fpl$dmul)
    _dmul                                    0x0800c969   Thumb Code   332  dmul.o(x$fpl$dmul)
    __fpl_dnaninf                            0x0800cabd   Thumb Code   156  dnaninf.o(x$fpl$dnaninf)
    __fpl_dretinf                            0x0800cb59   Thumb Code    12  dretinf.o(x$fpl$dretinf)
    __aeabi_drsub                            0x0800cb65   Thumb Code     0  daddsub_clz.o(x$fpl$drsb)
    _drsb                                    0x0800cb65   Thumb Code    22  daddsub_clz.o(x$fpl$drsb)
    _dsqrt                                   0x0800cb7d   Thumb Code   404  dsqrt_umaal.o(x$fpl$dsqrt)
    __aeabi_dsub                             0x0800cd15   Thumb Code     0  daddsub_clz.o(x$fpl$dsub)
    _dsub                                    0x0800cd15   Thumb Code   464  daddsub_clz.o(x$fpl$dsub)
    __aeabi_f2d                              0x0800cee9   Thumb Code     0  f2d.o(x$fpl$f2d)
    _f2d                                     0x0800cee9   Thumb Code    86  f2d.o(x$fpl$f2d)
    __fpl_fnaninf                            0x0800cf3f   Thumb Code   140  fnaninf.o(x$fpl$fnaninf)
    _fp_init                                 0x0800cfcb   Thumb Code    10  fpinit.o(x$fpl$fpinit)
    __fplib_config_fpu_vfp                   0x0800cfd3   Thumb Code     0  fpinit.o(x$fpl$fpinit)
    __fplib_config_pureend_doubles           0x0800cfd3   Thumb Code     0  fpinit.o(x$fpl$fpinit)
    __fpl_fretinf                            0x0800cfd5   Thumb Code    10  fretinf.o(x$fpl$fretinf)
    __I$use$fp                               0x0800cfde   Number         0  usenofp.o(x$fpl$usenofp)
    asc2_1206                                0x0800cfde   Data        1140  lcd.o(.constdata)
    asc2_1608                                0x0800d452   Data        1520  lcd.o(.constdata)
    asc2_2412                                0x0800da42   Data        3420  lcd.o(.constdata)
    reg                                      0x0800e7a0   Data          27  inv_mpu.o(.constdata)
    hw                                       0x0800e7bc   Data          12  inv_mpu.o(.constdata)
    test                                     0x0800e7c8   Data          40  inv_mpu.o(.constdata)
    FSMC_DefaultTimingStruct                 0x0800f3e8   Data          28  stm32f4xx_fsmc.o(.constdata)
    __mathlib_zero                           0x0800f528   Data           8  qnan.o(.constdata)
    Region$$Table$$Base                      0x0800f674   Number         0  anon$$obj.o(Region$$Table)
    Region$$Table$$Limit                     0x0800f694   Number         0  anon$$obj.o(Region$$Table)
    Num                                      0x20000000   Data           2  main.o(.data)
    p                                        0x20000002   Data           2  main.o(.data)
    r                                        0x20000004   Data           2  main.o(.data)
    CL                                       0x20000006   Data           2  main.o(.data)
    i                                        0x20000008   Data           2  main.o(.data)
    sum                                      0x2000000c   Data           4  main.o(.data)
    flag                                     0x20000010   Data           2  main.o(.data)
    count                                    0x20000014   Data           4  main.o(.data)
    count1                                   0x20000018   Data           4  main.o(.data)
    threshold                                0x2000001c   Data           4  main.o(.data)
    silent_period                            0x20000020   Data           4  main.o(.data)
    jump_count                               0x20000024   Data           4  main.o(.data)
    is_jumping                               0x20000028   Data           4  main.o(.data)
    SystemCoreClock                          0x20000038   Data           4  system_stm32f4xx.o(.data)
    AHBPrescTable                            0x2000003c   Data          16  system_stm32f4xx.o(.data)
    POINT_COLOR                              0x2000004e   Data           2  lcd.o(.data)
    BACK_COLOR                               0x20000050   Data           2  lcd.o(.data)
    __stdout                                 0x20000090   Data           4  usart.o(.data)
    USART_RX_STA                             0x20000094   Data           2  usart.o(.data)
    sys_cmd_tab                              0x200000a8   Data          28  usmart.o(.data)
    usmart_nametab                           0x200000c4   Data          56  usmart_config.o(.data)
    usmart_dev                               0x200000fc   Data         244  usmart_config.o(.data)
    lcddev                                   0x20000218   Data          14  lcd.o(.bss)
    USART_RX_BUF                             0x20000238   Data         200  usart.o(.bss)
    __libspace_start                         0x20000300   Data          96  libspace.o(.bss)
    __temporary_stack_top$libspace           0x20000360   Data           0  libspace.o(.bss)



==============================================================================

Memory Map of the image

  Image Entry point : 0x08000189

  Load Region LR_IROM1 (Base: 0x08000000, Size: 0x0000f884, Max: 0x00100000, ABSOLUTE, COMPRESSED[0x0000f720])

    Execution Region ER_IROM1 (Exec base: 0x08000000, Load base: 0x08000000, Size: 0x0000f694, Max: 0x00100000, ABSOLUTE)

    Exec Addr    Load Addr    Size         Type   Attr      Idx    E Section Name        Object

    0x08000000   0x08000000   0x00000188   Data   RO          506    RESET               startup_stm32f40_41xxx.o
    0x08000188   0x08000188   0x00000008   Code   RO          799  * !!!main             c_w.l(__main.o)
    0x08000190   0x08000190   0x00000034   Code   RO         1118    !!!scatter          c_w.l(__scatter.o)
    0x080001c4   0x080001c4   0x0000005a   Code   RO         1116    !!dczerorl2         c_w.l(__dczerorl2.o)
    0x0800021e   0x0800021e   0x00000002   PAD
    0x08000220   0x08000220   0x0000001c   Code   RO         1120    !!handler_zi        c_w.l(__scatter_zi.o)
    0x0800023c   0x0800023c   0x00000000   Code   RO          792    .ARM.Collect$$_printf_percent$$00000000  c_w.l(_printf_percent.o)
    0x0800023c   0x0800023c   0x00000006   Code   RO          790    .ARM.Collect$$_printf_percent$$00000009  c_w.l(_printf_d.o)
    0x08000242   0x08000242   0x00000006   Code   RO          791    .ARM.Collect$$_printf_percent$$0000000A  c_w.l(_printf_u.o)
    0x08000248   0x08000248   0x00000006   Code   RO          789    .ARM.Collect$$_printf_percent$$0000000C  c_w.l(_printf_x.o)
    0x0800024e   0x0800024e   0x00000006   Code   RO          787    .ARM.Collect$$_printf_percent$$00000013  c_w.l(_printf_c.o)
    0x08000254   0x08000254   0x00000006   Code   RO          788    .ARM.Collect$$_printf_percent$$00000014  c_w.l(_printf_s.o)
    0x0800025a   0x0800025a   0x00000004   Code   RO          866    .ARM.Collect$$_printf_percent$$00000017  c_w.l(_printf_percent_end.o)
    0x0800025e   0x0800025e   0x00000002   Code   RO          987    .ARM.Collect$$libinit$$00000000  c_w.l(libinit.o)
    0x08000260   0x08000260   0x00000004   Code   RO          994    .ARM.Collect$$libinit$$00000001  c_w.l(libinit2.o)
    0x08000264   0x08000264   0x00000000   Code   RO          997    .ARM.Collect$$libinit$$00000004  c_w.l(libinit2.o)
    0x08000264   0x08000264   0x00000000   Code   RO         1000    .ARM.Collect$$libinit$$0000000A  c_w.l(libinit2.o)
    0x08000264   0x08000264   0x00000000   Code   RO         1002    .ARM.Collect$$libinit$$0000000C  c_w.l(libinit2.o)
    0x08000264   0x08000264   0x00000000   Code   RO         1004    .ARM.Collect$$libinit$$0000000E  c_w.l(libinit2.o)
    0x08000264   0x08000264   0x00000000   Code   RO         1007    .ARM.Collect$$libinit$$00000011  c_w.l(libinit2.o)
    0x08000264   0x08000264   0x00000000   Code   RO         1009    .ARM.Collect$$libinit$$00000013  c_w.l(libinit2.o)
    0x08000264   0x08000264   0x00000000   Code   RO         1011    .ARM.Collect$$libinit$$00000015  c_w.l(libinit2.o)
    0x08000264   0x08000264   0x00000000   Code   RO         1013    .ARM.Collect$$libinit$$00000017  c_w.l(libinit2.o)
    0x08000264   0x08000264   0x00000000   Code   RO         1015    .ARM.Collect$$libinit$$00000019  c_w.l(libinit2.o)
    0x08000264   0x08000264   0x00000000   Code   RO         1017    .ARM.Collect$$libinit$$0000001B  c_w.l(libinit2.o)
    0x08000264   0x08000264   0x00000000   Code   RO         1019    .ARM.Collect$$libinit$$0000001D  c_w.l(libinit2.o)
    0x08000264   0x08000264   0x00000000   Code   RO         1021    .ARM.Collect$$libinit$$0000001F  c_w.l(libinit2.o)
    0x08000264   0x08000264   0x00000000   Code   RO         1023    .ARM.Collect$$libinit$$00000021  c_w.l(libinit2.o)
    0x08000264   0x08000264   0x00000000   Code   RO         1025    .ARM.Collect$$libinit$$00000023  c_w.l(libinit2.o)
    0x08000264   0x08000264   0x00000000   Code   RO         1027    .ARM.Collect$$libinit$$00000025  c_w.l(libinit2.o)
    0x08000264   0x08000264   0x00000000   Code   RO         1031    .ARM.Collect$$libinit$$0000002C  c_w.l(libinit2.o)
    0x08000264   0x08000264   0x00000000   Code   RO         1033    .ARM.Collect$$libinit$$0000002E  c_w.l(libinit2.o)
    0x08000264   0x08000264   0x00000000   Code   RO         1035    .ARM.Collect$$libinit$$00000030  c_w.l(libinit2.o)
    0x08000264   0x08000264   0x00000000   Code   RO         1037    .ARM.Collect$$libinit$$00000032  c_w.l(libinit2.o)
    0x08000264   0x08000264   0x00000002   Code   RO         1038    .ARM.Collect$$libinit$$00000033  c_w.l(libinit2.o)
    0x08000266   0x08000266   0x00000002   Code   RO         1066    .ARM.Collect$$libshutdown$$00000000  c_w.l(libshutdown.o)
    0x08000268   0x08000268   0x00000000   Code   RO         1080    .ARM.Collect$$libshutdown$$00000002  c_w.l(libshutdown2.o)
    0x08000268   0x08000268   0x00000000   Code   RO         1082    .ARM.Collect$$libshutdown$$00000004  c_w.l(libshutdown2.o)
    0x08000268   0x08000268   0x00000000   Code   RO         1084    .ARM.Collect$$libshutdown$$00000006  c_w.l(libshutdown2.o)
    0x08000268   0x08000268   0x00000000   Code   RO         1087    .ARM.Collect$$libshutdown$$00000009  c_w.l(libshutdown2.o)
    0x08000268   0x08000268   0x00000000   Code   RO         1090    .ARM.Collect$$libshutdown$$0000000C  c_w.l(libshutdown2.o)
    0x08000268   0x08000268   0x00000000   Code   RO         1092    .ARM.Collect$$libshutdown$$0000000E  c_w.l(libshutdown2.o)
    0x08000268   0x08000268   0x00000000   Code   RO         1095    .ARM.Collect$$libshutdown$$00000011  c_w.l(libshutdown2.o)
    0x08000268   0x08000268   0x00000002   Code   RO         1096    .ARM.Collect$$libshutdown$$00000012  c_w.l(libshutdown2.o)
    0x0800026a   0x0800026a   0x00000000   Code   RO          855    .ARM.Collect$$rtentry$$00000000  c_w.l(__rtentry.o)
    0x0800026a   0x0800026a   0x00000000   Code   RO          934    .ARM.Collect$$rtentry$$00000002  c_w.l(__rtentry2.o)
    0x0800026a   0x0800026a   0x00000006   Code   RO          946    .ARM.Collect$$rtentry$$00000004  c_w.l(__rtentry4.o)
    0x08000270   0x08000270   0x00000000   Code   RO          936    .ARM.Collect$$rtentry$$00000009  c_w.l(__rtentry2.o)
    0x08000270   0x08000270   0x00000004   Code   RO          937    .ARM.Collect$$rtentry$$0000000A  c_w.l(__rtentry2.o)
    0x08000274   0x08000274   0x00000000   Code   RO          939    .ARM.Collect$$rtentry$$0000000C  c_w.l(__rtentry2.o)
    0x08000274   0x08000274   0x00000008   Code   RO          940    .ARM.Collect$$rtentry$$0000000D  c_w.l(__rtentry2.o)
    0x0800027c   0x0800027c   0x00000002   Code   RO          988    .ARM.Collect$$rtexit$$00000000  c_w.l(rtexit.o)
    0x0800027e   0x0800027e   0x00000000   Code   RO         1040    .ARM.Collect$$rtexit$$00000002  c_w.l(rtexit2.o)
    0x0800027e   0x0800027e   0x00000004   Code   RO         1041    .ARM.Collect$$rtexit$$00000003  c_w.l(rtexit2.o)
    0x08000282   0x08000282   0x00000006   Code   RO         1042    .ARM.Collect$$rtexit$$00000004  c_w.l(rtexit2.o)
    0x08000288   0x08000288   0x00000a98   Code   RO            3    .text               main.o
    0x08000d20   0x08000d20   0x0000001a   Code   RO          173    .text               stm32f4xx_it.o
    0x08000d3a   0x08000d3a   0x00000002   PAD
    0x08000d3c   0x08000d3c   0x00000210   Code   RO          222    .text               system_stm32f4xx.o
    0x08000f4c   0x08000f4c   0x00000040   Code   RO          248    .text               led.o
    0x08000f8c   0x08000f8c   0x00000190   Code   RO          268    .text               key.o
    0x0800111c   0x0800111c   0x00003664   Code   RO          289    .text               lcd.o
    0x08004780   0x08004780   0x00000258   Code   RO          327    .text               myiic.o
    0x080049d8   0x080049d8   0x00000384   Code   RO          347    .text               mpu6050.o
    0x08004d5c   0x08004d5c   0x000022cc   Code   RO          367    .text               inv_mpu.o
    0x08007028   0x08007028   0x00000d90   Code   RO          402    .text               inv_mpu_dmp_motion_driver.o
    0x08007db8   0x08007db8   0x00000104   Code   RO          435    .text               delay.o
    0x08007ebc   0x08007ebc   0x00000148   Code   RO          475    .text               usart.o
    0x08008004   0x08008004   0x00000040   Code   RO          507    .text               startup_stm32f40_41xxx.o
    0x08008044   0x08008044   0x000000e0   Code   RO          513    .text               misc.o
    0x08008124   0x08008124   0x000005c8   Code   RO          533    .text               stm32f4xx_fsmc.o
    0x080086ec   0x080086ec   0x00000294   Code   RO          556    .text               stm32f4xx_gpio.o
    0x08008980   0x08008980   0x0000065c   Code   RO          576    .text               stm32f4xx_rcc.o
    0x08008fdc   0x08008fdc   0x00000454   Code   RO          618    .text               stm32f4xx_usart.o
    0x08009430   0x08009430   0x00000ca2   Code   RO          638    .text               stm32f4xx_tim.o
    0x0800a0d2   0x0800a0d2   0x00000002   PAD
    0x0800a0d4   0x0800a0d4   0x00000c34   Code   RO          658    .text               usmart.o
    0x0800ad08   0x0800ad08   0x00000528   Code   RO          710    .text               usmart_str.o
    0x0800b230   0x0800b230   0x00000002   Code   RO          730    .text               c_w.l(use_no_semi_2.o)
    0x0800b232   0x0800b232   0x00000048   Code   RO          732    .text               c_w.l(llsdiv.o)
    0x0800b27a   0x0800b27a   0x00000002   PAD
    0x0800b27c   0x0800b27c   0x00000018   Code   RO          736    .text               c_w.l(noretval__2printf.o)
    0x0800b294   0x0800b294   0x0000004e   Code   RO          740    .text               c_w.l(_printf_pad.o)
    0x0800b2e2   0x0800b2e2   0x00000052   Code   RO          742    .text               c_w.l(_printf_str.o)
    0x0800b334   0x0800b334   0x00000078   Code   RO          744    .text               c_w.l(_printf_dec.o)
    0x0800b3ac   0x0800b3ac   0x00000058   Code   RO          749    .text               c_w.l(_printf_hex_int.o)
    0x0800b404   0x0800b404   0x00000188   Code   RO          784    .text               c_w.l(__printf_flags_ss_wp.o)
    0x0800b58c   0x0800b58c   0x00000058   Code   RO          793    .text               c_w.l(memcmp.o)
    0x0800b5e4   0x0800b5e4   0x00000010   Code   RO          795    .text               c_w.l(aeabi_memset.o)
    0x0800b5f4   0x0800b5f4   0x00000006   Code   RO          797    .text               c_w.l(heapauxi.o)
    0x0800b5fa   0x0800b5fa   0x00000002   Code   RO          853    .text               c_w.l(use_no_semi.o)
    0x0800b5fc   0x0800b5fc   0x000000ee   Code   RO          856    .text               c_w.l(lludivv7m.o)
    0x0800b6ea   0x0800b6ea   0x00000016   Code   RO          858    .text               c_w.l(_rserrno.o)
    0x0800b700   0x0800b700   0x000000b2   Code   RO          860    .text               c_w.l(_printf_intcommon.o)
    0x0800b7b2   0x0800b7b2   0x0000002c   Code   RO          862    .text               c_w.l(_printf_char.o)
    0x0800b7de   0x0800b7de   0x00000002   PAD
    0x0800b7e0   0x0800b7e0   0x00000024   Code   RO          864    .text               c_w.l(_printf_char_file.o)
    0x0800b804   0x0800b804   0x00000044   Code   RO          867    .text               c_w.l(rt_memclr.o)
    0x0800b848   0x0800b848   0x00000008   Code   RO          955    .text               c_w.l(rt_errno_addr_intlibspace.o)
    0x0800b850   0x0800b850   0x00000030   Code   RO          957    .text               c_w.l(_printf_char_common.o)
    0x0800b880   0x0800b880   0x00000008   Code   RO          959    .text               c_w.l(ferror.o)
    0x0800b888   0x0800b888   0x0000004e   Code   RO          963    .text               c_w.l(rt_memclr_w.o)
    0x0800b8d6   0x0800b8d6   0x00000002   PAD
    0x0800b8d8   0x0800b8d8   0x00000008   Code   RO          971    .text               c_w.l(libspace.o)
    0x0800b8e0   0x0800b8e0   0x0000004a   Code   RO          974    .text               c_w.l(sys_stackheap_outer.o)
    0x0800b92a   0x0800b92a   0x00000012   Code   RO          980    .text               c_w.l(exit.o)
    0x0800b93c   0x0800b93c   0x00000030   Code   RO          916    i.__ARM_fpclassify  m_wm.l(fpclassify.o)
    0x0800b96c   0x0800b96c   0x00000004   PAD
    0x0800b970   0x0800b970   0x00000360   Code   RO          827    i.__hardfp_asin     m_wm.l(asin.o)
    0x0800bcd0   0x0800bcd0   0x000002d8   Code   RO          882    i.__hardfp_atan     m_wm.l(atan.o)
    0x0800bfa8   0x0800bfa8   0x00000200   Code   RO          841    i.__hardfp_atan2    m_wm.l(atan2.o)
    0x0800c1a8   0x0800c1a8   0x000000f8   Code   RO          918    i.__kernel_poly     m_wm.l(poly.o)
    0x0800c2a0   0x0800c2a0   0x00000014   Code   RO          897    i.__mathlib_dbl_infnan  m_wm.l(dunder.o)
    0x0800c2b4   0x0800c2b4   0x00000014   Code   RO          898    i.__mathlib_dbl_infnan2  m_wm.l(dunder.o)
    0x0800c2c8   0x0800c2c8   0x00000020   Code   RO          899    i.__mathlib_dbl_invalid  m_wm.l(dunder.o)
    0x0800c2e8   0x0800c2e8   0x00000020   Code   RO          902    i.__mathlib_dbl_underflow  m_wm.l(dunder.o)
    0x0800c308   0x0800c308   0x0000000e   Code   RO          777    i._is_digit         c_w.l(__printf_wp.o)
    0x0800c316   0x0800c316   0x00000010   Code   RO          884    i.atan              m_wm.l(atan.o)
    0x0800c326   0x0800c326   0x00000018   Code   RO          912    i.fabs              m_wm.l(fabs.o)
    0x0800c33e   0x0800c33e   0x0000006e   Code   RO          923    i.sqrt              m_wm.l(sqrt.o)
    0x0800c3ac   0x0800c3ac   0x00000018   Code   RO          869    x$fpl$basic         fz_wm.l(basic.o)
    0x0800c3c4   0x0800c3c4   0x00000062   Code   RO          801    x$fpl$d2f           fz_wm.l(d2f.o)
    0x0800c426   0x0800c426   0x00000002   PAD
    0x0800c428   0x0800c428   0x00000150   Code   RO          803    x$fpl$dadd          fz_wm.l(daddsub_clz.o)
    0x0800c578   0x0800c578   0x00000018   Code   RO          965    x$fpl$dcmpinf       fz_wm.l(dcmpi.o)
    0x0800c590   0x0800c590   0x000002b0   Code   RO          810    x$fpl$ddiv          fz_wm.l(ddiv.o)
    0x0800c840   0x0800c840   0x00000078   Code   RO          871    x$fpl$deqf          fz_wm.l(deqf.o)
    0x0800c8b8   0x0800c8b8   0x0000005a   Code   RO          813    x$fpl$dfixu         fz_wm.l(dfixu.o)
    0x0800c912   0x0800c912   0x0000002e   Code   RO          818    x$fpl$dflt          fz_wm.l(dflt_clz.o)
    0x0800c940   0x0800c940   0x00000026   Code   RO          817    x$fpl$dfltu         fz_wm.l(dflt_clz.o)
    0x0800c966   0x0800c966   0x00000002   PAD
    0x0800c968   0x0800c968   0x00000154   Code   RO          823    x$fpl$dmul          fz_wm.l(dmul.o)
    0x0800cabc   0x0800cabc   0x0000009c   Code   RO          873    x$fpl$dnaninf       fz_wm.l(dnaninf.o)
    0x0800cb58   0x0800cb58   0x0000000c   Code   RO          875    x$fpl$dretinf       fz_wm.l(dretinf.o)
    0x0800cb64   0x0800cb64   0x00000016   Code   RO          804    x$fpl$drsb          fz_wm.l(daddsub_clz.o)
    0x0800cb7a   0x0800cb7a   0x00000002   PAD
    0x0800cb7c   0x0800cb7c   0x00000198   Code   RO          969    x$fpl$dsqrt         fz_wm.l(dsqrt_umaal.o)
    0x0800cd14   0x0800cd14   0x000001d4   Code   RO          805    x$fpl$dsub          fz_wm.l(daddsub_clz.o)
    0x0800cee8   0x0800cee8   0x00000056   Code   RO          825    x$fpl$f2d           fz_wm.l(f2d.o)
    0x0800cf3e   0x0800cf3e   0x0000008c   Code   RO          877    x$fpl$fnaninf       fz_wm.l(fnaninf.o)
    0x0800cfca   0x0800cfca   0x0000000a   Code   RO         1054    x$fpl$fpinit        fz_wm.l(fpinit.o)
    0x0800cfd4   0x0800cfd4   0x0000000a   Code   RO          879    x$fpl$fretinf       fz_wm.l(fretinf.o)
    0x0800cfde   0x0800cfde   0x00000000   Code   RO          881    x$fpl$usenofp       fz_wm.l(usenofp.o)
    0x0800cfde   0x0800cfde   0x000017c0   Data   RO          291    .constdata          lcd.o
    0x0800e79e   0x0800e79e   0x00000002   PAD
    0x0800e7a0   0x0800e7a0   0x00000050   Data   RO          368    .constdata          inv_mpu.o
    0x0800e7f0   0x0800e7f0   0x00000bf6   Data   RO          404    .constdata          inv_mpu_dmp_motion_driver.o
    0x0800f3e6   0x0800f3e6   0x00000002   PAD
    0x0800f3e8   0x0800f3e8   0x0000001c   Data   RO          534    .constdata          stm32f4xx_fsmc.o
    0x0800f404   0x0800f404   0x00000028   Data   RO          750    .constdata          c_w.l(_printf_hex_int.o)
    0x0800f42c   0x0800f42c   0x00000011   Data   RO          785    .constdata          c_w.l(__printf_flags_ss_wp.o)
    0x0800f43d   0x0800f43d   0x00000003   PAD
    0x0800f440   0x0800f440   0x00000050   Data   RO          830    .constdata          m_wm.l(asin.o)
    0x0800f490   0x0800f490   0x00000098   Data   RO          885    .constdata          m_wm.l(atan.o)
    0x0800f528   0x0800f528   0x00000008   Data   RO          920    .constdata          m_wm.l(qnan.o)
    0x0800f530   0x0800f530   0x0000004d   Data   RO          369    .conststring        inv_mpu.o
    0x0800f57d   0x0800f57d   0x00000003   PAD
    0x0800f580   0x0800f580   0x00000028   Data   RO          659    .conststring        usmart.o
    0x0800f5a8   0x0800f5a8   0x000000cb   Data   RO          689    .conststring        usmart_config.o
    0x0800f673   0x0800f673   0x00000001   PAD
    0x0800f674   0x0800f674   0x00000020   Data   RO         1114    Region$$Table       anon$$obj.o


    Execution Region RW_IRAM1 (Exec base: 0x20000000, Load base: 0x0800f694, Size: 0x00000960, Max: 0x00020000, ABSOLUTE, COMPRESSED[0x0000008c])

    Exec Addr    Load Addr    Size         Type   Attr      Idx    E Section Name        Object

    0x20000000   COMPRESSED   0x00000038   Data   RW            5    .data               main.o
    0x20000038   COMPRESSED   0x00000014   Data   RW          223    .data               system_stm32f4xx.o
    0x2000004c   COMPRESSED   0x00000001   Data   RW          269    .data               key.o
    0x2000004d   COMPRESSED   0x00000001   PAD
    0x2000004e   COMPRESSED   0x00000004   Data   RW          292    .data               lcd.o
    0x20000052   COMPRESSED   0x00000002   PAD
    0x20000054   COMPRESSED   0x00000035   Data   RW          370    .data               inv_mpu.o
    0x20000089   COMPRESSED   0x00000001   PAD
    0x2000008a   COMPRESSED   0x00000004   Data   RW          436    .data               delay.o
    0x2000008e   COMPRESSED   0x00000002   PAD
    0x20000090   COMPRESSED   0x00000006   Data   RW          477    .data               usart.o
    0x20000096   COMPRESSED   0x00000010   Data   RW          577    .data               stm32f4xx_rcc.o
    0x200000a6   COMPRESSED   0x00000002   PAD
    0x200000a8   COMPRESSED   0x0000001c   Data   RW          660    .data               usmart.o
    0x200000c4   COMPRESSED   0x0000012c   Data   RW          690    .data               usmart_config.o
    0x200001f0        -       0x00000028   Zero   RW            4    .bss                main.o
    0x20000218        -       0x0000000e   Zero   RW          290    .bss                lcd.o
    0x20000226   COMPRESSED   0x00000002   PAD
    0x20000228        -       0x00000010   Zero   RW          403    .bss                inv_mpu_dmp_motion_driver.o
    0x20000238        -       0x000000c8   Zero   RW          476    .bss                usart.o
    0x20000300        -       0x00000060   Zero   RW          972    .bss                c_w.l(libspace.o)
    0x20000360        -       0x00000200   Zero   RW          505    HEAP                startup_stm32f40_41xxx.o
    0x20000560        -       0x00000400   Zero   RW          504    STACK               startup_stm32f40_41xxx.o


==============================================================================

Image component sizes


      Code (inc. data)   RO Data    RW Data    ZI Data      Debug   Object Name

       260          8          0          4          0       1501   delay.o
      8908        218        157         53          0      24645   inv_mpu.o
      3472        142       3062          0         16      15595   inv_mpu_dmp_motion_driver.o
       400         16          0          1          0       1307   key.o
     13924        140       6080          4         14      19178   lcd.o
        64          4          0          0          0        535   led.o
      2712        432          0         56         40     294688   main.o
       224         20          0          0          0       1841   misc.o
       900         22          0          0          0       4503   mpu6050.o
       600         12          0          0          0       1932   myiic.o
        64         26        392          0       1536        832   startup_stm32f40_41xxx.o
      1480         18         28          0          0       5682   stm32f4xx_fsmc.o
       660         44          0          0          0       4181   stm32f4xx_gpio.o
        26          0          0          0          0       1234   stm32f4xx_it.o
      1628         52          0         16          0      13068   stm32f4xx_rcc.o
      3234         60          0          0          0      23036   stm32f4xx_tim.o
      1108         34          0          0          0       7904   stm32f4xx_usart.o
       528         46          0         20          0       1811   system_stm32f4xx.o
       328         16          0          6        200       3334   usart.o
      3124       1286         40         28          0       4458   usmart.o
         0          0        203        300          0       1536   usmart_config.o
      1320         12          0          0          0       5361   usmart_str.o

    ----------------------------------------------------------------------
     44968       2608      10002        496       1808     438162   Object Totals
         0          0         32          0          0          0   (incl. Generated)
         4          0          8          8          2          0   (incl. Padding)

    ----------------------------------------------------------------------

      Code (inc. data)   RO Data    RW Data    ZI Data      Debug   Library Member Name

        90          0          0          0          0          0   __dczerorl2.o
         8          0          0          0          0         68   __main.o
       392          4         17          0          0         92   __printf_flags_ss_wp.o
        14          0          0          0          0         68   __printf_wp.o
         0          0          0          0          0          0   __rtentry.o
        12          0          0          0          0          0   __rtentry2.o
         6          0          0          0          0          0   __rtentry4.o
        52          8          0          0          0          0   __scatter.o
        28          0          0          0          0          0   __scatter_zi.o
         6          0          0          0          0          0   _printf_c.o
        44          0          0          0          0        108   _printf_char.o
        48          6          0          0          0         96   _printf_char_common.o
        36          4          0          0          0         80   _printf_char_file.o
         6          0          0          0          0          0   _printf_d.o
       120         16          0          0          0         92   _printf_dec.o
        88          4         40          0          0         88   _printf_hex_int.o
       178          0          0          0          0         88   _printf_intcommon.o
        78          0          0          0          0        108   _printf_pad.o
         0          0          0          0          0          0   _printf_percent.o
         4          0          0          0          0          0   _printf_percent_end.o
         6          0          0          0          0          0   _printf_s.o
        82          0          0          0          0         80   _printf_str.o
         6          0          0          0          0          0   _printf_u.o
         6          0          0          0          0          0   _printf_x.o
        22          0          0          0          0        100   _rserrno.o
        16          0          0          0          0         68   aeabi_memset.o
        18          0          0          0          0         80   exit.o
         8          0          0          0          0         68   ferror.o
         6          0          0          0          0        152   heapauxi.o
         2          0          0          0          0          0   libinit.o
         6          0          0          0          0          0   libinit2.o
         2          0          0          0          0          0   libshutdown.o
         2          0          0          0          0          0   libshutdown2.o
         8          4          0          0         96         68   libspace.o
        72          0          0          0          0         76   llsdiv.o
       238          0          0          0          0        100   lludivv7m.o
        88          0          0          0          0         76   memcmp.o
        24          4          0          0          0         84   noretval__2printf.o
         8          4          0          0          0         68   rt_errno_addr_intlibspace.o
        68          0          0          0          0         68   rt_memclr.o
        78          0          0          0          0         80   rt_memclr_w.o
         2          0          0          0          0          0   rtexit.o
        10          0          0          0          0          0   rtexit2.o
        74          0          0          0          0         80   sys_stackheap_outer.o
         2          0          0          0          0         68   use_no_semi.o
         2          0          0          0          0         68   use_no_semi_2.o
        24          0          0          0          0        164   basic.o
        98          4          0          0          0        140   d2f.o
       826         16          0          0          0        492   daddsub_clz.o
        24          0          0          0          0        116   dcmpi.o
       688        140          0          0          0        256   ddiv.o
       120          4          0          0          0        140   deqf.o
        90          4          0          0          0        140   dfixu.o
        84          0          0          0          0        232   dflt_clz.o
       340         12          0          0          0        152   dmul.o
       156          4          0          0          0        140   dnaninf.o
        12          0          0          0          0        116   dretinf.o
       408         56          0          0          0        168   dsqrt_umaal.o
        86          4          0          0          0        132   f2d.o
       140          4          0          0          0        132   fnaninf.o
        10          0          0          0          0        116   fpinit.o
        10          0          0          0          0        116   fretinf.o
         0          0          0          0          0          0   usenofp.o
       864         94         80          0          0        280   asin.o
       744        106        152          0          0        352   atan.o
       512         64          0          0          0        208   atan2.o
       104         16          0          0          0        496   dunder.o
        24          0          0          0          0        124   fabs.o
        48          0          0          0          0        124   fpclassify.o
       248          0          0          0          0        152   poly.o
         0          0          8          0          0          0   qnan.o
       110          0          0          0          0        148   sqrt.o

    ----------------------------------------------------------------------
      7854        582        300          0         96       6908   Library Totals
        18          0          3          0          0          0   (incl. Padding)

    ----------------------------------------------------------------------

      Code (inc. data)   RO Data    RW Data    ZI Data      Debug   Library Name

      2066         54         57          0         96       2272   c_w.l
      3116        248          0          0          0       2752   fz_wm.l
      2654        280        240          0          0       1884   m_wm.l

    ----------------------------------------------------------------------
      7854        582        300          0         96       6908   Library Totals

    ----------------------------------------------------------------------

==============================================================================


      Code (inc. data)   RO Data    RW Data    ZI Data      Debug   

     52822       3190      10302        496       1904     436374   Grand Totals
     52822       3190      10302        140       1904     436374   ELF Image Totals (compressed)
     52822       3190      10302        140          0          0   ROM Totals

==============================================================================

    Total RO  Size (Code + RO Data)                63124 (  61.64kB)
    Total RW  Size (RW Data + ZI Data)              2400 (   2.34kB)
    Total ROM Size (Code + RO Data + RW Data)      63264 (  61.78kB)

==============================================================================

